[2026-02-27T19:08:17.999+0000] {taskinstance.py:1956} INFO - Dependencies all met for dep_context=non-requeueable deps ti=<TaskInstance: s3_to_snowflake.load_snowflake manual__2026-02-27T19:07:48.977789+00:00 [queued]>
[2026-02-27T19:08:18.043+0000] {taskinstance.py:1956} INFO - Dependencies all met for dep_context=requeueable deps ti=<TaskInstance: s3_to_snowflake.load_snowflake manual__2026-02-27T19:07:48.977789+00:00 [queued]>
[2026-02-27T19:08:18.045+0000] {taskinstance.py:2170} INFO - Starting attempt 1 of 2
[2026-02-27T19:08:18.095+0000] {taskinstance.py:2191} INFO - Executing <Task(PythonOperator): load_snowflake> on 2026-02-27 19:07:48.977789+00:00
[2026-02-27T19:08:18.114+0000] {standard_task_runner.py:60} INFO - Started process 5094 to run task
[2026-02-27T19:08:18.135+0000] {standard_task_runner.py:87} INFO - Running: ['***', 'tasks', 'run', 's3_to_snowflake', 'load_snowflake', 'manual__2026-02-27T19:07:48.977789+00:00', '--job-id', '174', '--raw', '--subdir', 'DAGS_FOLDER/s3_to_snowflake.py', '--cfg-path', '/tmp/tmpxsfkt1sh']
[2026-02-27T19:08:18.149+0000] {standard_task_runner.py:88} INFO - Job 174: Subtask load_snowflake
[2026-02-27T19:08:18.400+0000] {task_command.py:423} INFO - Running <TaskInstance: s3_to_snowflake.load_snowflake manual__2026-02-27T19:07:48.977789+00:00 [running]> on host 21d6aced11b5
[2026-02-27T19:08:19.075+0000] {taskinstance.py:2480} INFO - Exporting env vars: AIRFLOW_CTX_DAG_OWNER='***' AIRFLOW_CTX_DAG_ID='s3_to_snowflake' AIRFLOW_CTX_TASK_ID='load_snowflake' AIRFLOW_CTX_EXECUTION_DATE='2026-02-27T19:07:48.977789+00:00' AIRFLOW_CTX_TRY_NUMBER='1' AIRFLOW_CTX_DAG_RUN_ID='manual__2026-02-27T19:07:48.977789+00:00'
[2026-02-27T19:08:19.114+0000] {connection.py:370} INFO - Snowflake Connector for Python Version: 3.6.0, Python Version: 3.11.8, Platform: Linux-6.6.87.2-microsoft-standard-WSL2-x86_64-with-glibc2.36
[2026-02-27T19:08:19.116+0000] {connection.py:1171} INFO - This connection is in OCSP Fail Open Mode. TLS Certificates would be checked for validity and revocation status. Any other Certificate Revocation related exceptions or OCSP Responder failures would be disregarded in favor of connectivity.
[2026-02-27T19:08:20.604+0000] {cursor.py:1028} INFO - query: [PUT file://D:\ADF_folder\real-time-stocks-mds\data\s3_downloads/AAPL_1771463612....]
[2026-02-27T19:08:20.890+0000] {cursor.py:1041} INFO - query execution done
[2026-02-27T19:08:21.437+0000] {logging_mixin.py:188} INFO - Uploaded D:\ADF_folder\real-time-stocks-mds\data\s3_downloads/AAPL_1771463612.json to Snowflake stage
[2026-02-27T19:08:21.437+0000] {cursor.py:1028} INFO - query: [PUT file://D:\ADF_folder\real-time-stocks-mds\data\s3_downloads/AAPL_1771463645....]
[2026-02-27T19:08:21.703+0000] {cursor.py:1041} INFO - query execution done
[2026-02-27T19:08:21.880+0000] {logging_mixin.py:188} INFO - Uploaded D:\ADF_folder\real-time-stocks-mds\data\s3_downloads/AAPL_1771463645.json to Snowflake stage
[2026-02-27T19:08:21.881+0000] {cursor.py:1028} INFO - query: [PUT file://D:\ADF_folder\real-time-stocks-mds\data\s3_downloads/AAPL_1771463678....]
[2026-02-27T19:08:22.116+0000] {cursor.py:1041} INFO - query execution done
[2026-02-27T19:08:22.292+0000] {logging_mixin.py:188} INFO - Uploaded D:\ADF_folder\real-time-stocks-mds\data\s3_downloads/AAPL_1771463678.json to Snowflake stage
[2026-02-27T19:08:22.293+0000] {cursor.py:1028} INFO - query: [PUT file://D:\ADF_folder\real-time-stocks-mds\data\s3_downloads/AAPL_1771463711....]
[2026-02-27T19:08:22.490+0000] {cursor.py:1041} INFO - query execution done
[2026-02-27T19:08:22.652+0000] {logging_mixin.py:188} INFO - Uploaded D:\ADF_folder\real-time-stocks-mds\data\s3_downloads/AAPL_1771463711.json to Snowflake stage
[2026-02-27T19:08:22.653+0000] {cursor.py:1028} INFO - query: [PUT file://D:\ADF_folder\real-time-stocks-mds\data\s3_downloads/AAPL_1771463744....]
[2026-02-27T19:08:22.862+0000] {cursor.py:1041} INFO - query execution done
[2026-02-27T19:08:23.031+0000] {logging_mixin.py:188} INFO - Uploaded D:\ADF_folder\real-time-stocks-mds\data\s3_downloads/AAPL_1771463744.json to Snowflake stage
[2026-02-27T19:08:23.031+0000] {cursor.py:1028} INFO - query: [PUT file://D:\ADF_folder\real-time-stocks-mds\data\s3_downloads/AAPL_1771463777....]
[2026-02-27T19:08:23.219+0000] {cursor.py:1041} INFO - query execution done
[2026-02-27T19:08:23.388+0000] {logging_mixin.py:188} INFO - Uploaded D:\ADF_folder\real-time-stocks-mds\data\s3_downloads/AAPL_1771463777.json to Snowflake stage
[2026-02-27T19:08:23.388+0000] {cursor.py:1028} INFO - query: [PUT file://D:\ADF_folder\real-time-stocks-mds\data\s3_downloads/AAPL_1771463810....]
[2026-02-27T19:08:23.600+0000] {cursor.py:1041} INFO - query execution done
[2026-02-27T19:08:23.759+0000] {logging_mixin.py:188} INFO - Uploaded D:\ADF_folder\real-time-stocks-mds\data\s3_downloads/AAPL_1771463810.json to Snowflake stage
[2026-02-27T19:08:23.761+0000] {cursor.py:1028} INFO - query: [PUT file://D:\ADF_folder\real-time-stocks-mds\data\s3_downloads/AAPL_1771463843....]
[2026-02-27T19:08:23.996+0000] {cursor.py:1041} INFO - query execution done
[2026-02-27T19:08:24.159+0000] {logging_mixin.py:188} INFO - Uploaded D:\ADF_folder\real-time-stocks-mds\data\s3_downloads/AAPL_1771463843.json to Snowflake stage
[2026-02-27T19:08:24.160+0000] {cursor.py:1028} INFO - query: [PUT file://D:\ADF_folder\real-time-stocks-mds\data\s3_downloads/AAPL_1771463876....]
[2026-02-27T19:08:24.371+0000] {cursor.py:1041} INFO - query execution done
[2026-02-27T19:08:24.534+0000] {logging_mixin.py:188} INFO - Uploaded D:\ADF_folder\real-time-stocks-mds\data\s3_downloads/AAPL_1771463876.json to Snowflake stage
[2026-02-27T19:08:24.536+0000] {cursor.py:1028} INFO - query: [PUT file://D:\ADF_folder\real-time-stocks-mds\data\s3_downloads/AAPL_1771463909....]
[2026-02-27T19:08:24.720+0000] {cursor.py:1041} INFO - query execution done
[2026-02-27T19:08:24.881+0000] {logging_mixin.py:188} INFO - Uploaded D:\ADF_folder\real-time-stocks-mds\data\s3_downloads/AAPL_1771463909.json to Snowflake stage
[2026-02-27T19:08:24.882+0000] {cursor.py:1028} INFO - query: [PUT file://D:\ADF_folder\real-time-stocks-mds\data\s3_downloads/GOOGL_1771463605...]
[2026-02-27T19:08:25.081+0000] {cursor.py:1041} INFO - query execution done
[2026-02-27T19:08:25.241+0000] {logging_mixin.py:188} INFO - Uploaded D:\ADF_folder\real-time-stocks-mds\data\s3_downloads/GOOGL_1771463605.json to Snowflake stage
[2026-02-27T19:08:25.241+0000] {cursor.py:1028} INFO - query: [PUT file://D:\ADF_folder\real-time-stocks-mds\data\s3_downloads/GOOGL_1771463638...]
[2026-02-27T19:08:25.427+0000] {cursor.py:1041} INFO - query execution done
[2026-02-27T19:08:25.589+0000] {logging_mixin.py:188} INFO - Uploaded D:\ADF_folder\real-time-stocks-mds\data\s3_downloads/GOOGL_1771463638.json to Snowflake stage
[2026-02-27T19:08:25.590+0000] {cursor.py:1028} INFO - query: [PUT file://D:\ADF_folder\real-time-stocks-mds\data\s3_downloads/GOOGL_1771463671...]
[2026-02-27T19:08:25.788+0000] {cursor.py:1041} INFO - query execution done
[2026-02-27T19:08:25.948+0000] {logging_mixin.py:188} INFO - Uploaded D:\ADF_folder\real-time-stocks-mds\data\s3_downloads/GOOGL_1771463671.json to Snowflake stage
[2026-02-27T19:08:25.949+0000] {cursor.py:1028} INFO - query: [PUT file://D:\ADF_folder\real-time-stocks-mds\data\s3_downloads/GOOGL_1771463704...]
[2026-02-27T19:08:26.150+0000] {cursor.py:1041} INFO - query execution done
[2026-02-27T19:08:26.319+0000] {logging_mixin.py:188} INFO - Uploaded D:\ADF_folder\real-time-stocks-mds\data\s3_downloads/GOOGL_1771463704.json to Snowflake stage
[2026-02-27T19:08:26.320+0000] {cursor.py:1028} INFO - query: [PUT file://D:\ADF_folder\real-time-stocks-mds\data\s3_downloads/GOOGL_1771463737...]
[2026-02-27T19:08:26.521+0000] {cursor.py:1041} INFO - query execution done
[2026-02-27T19:08:26.696+0000] {logging_mixin.py:188} INFO - Uploaded D:\ADF_folder\real-time-stocks-mds\data\s3_downloads/GOOGL_1771463737.json to Snowflake stage
[2026-02-27T19:08:26.697+0000] {cursor.py:1028} INFO - query: [PUT file://D:\ADF_folder\real-time-stocks-mds\data\s3_downloads/GOOGL_1771463770...]
[2026-02-27T19:08:26.885+0000] {cursor.py:1041} INFO - query execution done
[2026-02-27T19:08:27.052+0000] {logging_mixin.py:188} INFO - Uploaded D:\ADF_folder\real-time-stocks-mds\data\s3_downloads/GOOGL_1771463770.json to Snowflake stage
[2026-02-27T19:08:27.053+0000] {cursor.py:1028} INFO - query: [PUT file://D:\ADF_folder\real-time-stocks-mds\data\s3_downloads/GOOGL_1771463803...]
[2026-02-27T19:08:27.255+0000] {cursor.py:1041} INFO - query execution done
[2026-02-27T19:08:27.429+0000] {logging_mixin.py:188} INFO - Uploaded D:\ADF_folder\real-time-stocks-mds\data\s3_downloads/GOOGL_1771463803.json to Snowflake stage
[2026-02-27T19:08:27.430+0000] {cursor.py:1028} INFO - query: [PUT file://D:\ADF_folder\real-time-stocks-mds\data\s3_downloads/GOOGL_1771463836...]
[2026-02-27T19:08:27.615+0000] {cursor.py:1041} INFO - query execution done
[2026-02-27T19:08:27.788+0000] {logging_mixin.py:188} INFO - Uploaded D:\ADF_folder\real-time-stocks-mds\data\s3_downloads/GOOGL_1771463836.json to Snowflake stage
[2026-02-27T19:08:27.789+0000] {cursor.py:1028} INFO - query: [PUT file://D:\ADF_folder\real-time-stocks-mds\data\s3_downloads/GOOGL_1771463869...]
[2026-02-27T19:08:27.982+0000] {cursor.py:1041} INFO - query execution done
[2026-02-27T19:08:28.147+0000] {logging_mixin.py:188} INFO - Uploaded D:\ADF_folder\real-time-stocks-mds\data\s3_downloads/GOOGL_1771463869.json to Snowflake stage
[2026-02-27T19:08:28.148+0000] {cursor.py:1028} INFO - query: [PUT file://D:\ADF_folder\real-time-stocks-mds\data\s3_downloads/GOOGL_1771463902...]
[2026-02-27T19:08:28.347+0000] {cursor.py:1041} INFO - query execution done
[2026-02-27T19:08:28.514+0000] {logging_mixin.py:188} INFO - Uploaded D:\ADF_folder\real-time-stocks-mds\data\s3_downloads/GOOGL_1771463902.json to Snowflake stage
[2026-02-27T19:08:28.515+0000] {cursor.py:1028} INFO - query: [PUT file://D:\ADF_folder\real-time-stocks-mds\data\s3_downloads/AMZN_1771463619....]
[2026-02-27T19:08:28.700+0000] {cursor.py:1041} INFO - query execution done
[2026-02-27T19:08:28.866+0000] {logging_mixin.py:188} INFO - Uploaded D:\ADF_folder\real-time-stocks-mds\data\s3_downloads/AMZN_1771463619.json to Snowflake stage
[2026-02-27T19:08:28.867+0000] {cursor.py:1028} INFO - query: [PUT file://D:\ADF_folder\real-time-stocks-mds\data\s3_downloads/AMZN_1771463651....]
[2026-02-27T19:08:29.059+0000] {cursor.py:1041} INFO - query execution done
[2026-02-27T19:08:29.223+0000] {logging_mixin.py:188} INFO - Uploaded D:\ADF_folder\real-time-stocks-mds\data\s3_downloads/AMZN_1771463651.json to Snowflake stage
[2026-02-27T19:08:29.224+0000] {cursor.py:1028} INFO - query: [PUT file://D:\ADF_folder\real-time-stocks-mds\data\s3_downloads/AMZN_1771463684....]
[2026-02-27T19:08:29.409+0000] {cursor.py:1041} INFO - query execution done
[2026-02-27T19:08:29.572+0000] {logging_mixin.py:188} INFO - Uploaded D:\ADF_folder\real-time-stocks-mds\data\s3_downloads/AMZN_1771463684.json to Snowflake stage
[2026-02-27T19:08:29.573+0000] {cursor.py:1028} INFO - query: [PUT file://D:\ADF_folder\real-time-stocks-mds\data\s3_downloads/AMZN_1771463718....]
[2026-02-27T19:08:29.771+0000] {cursor.py:1041} INFO - query execution done
[2026-02-27T19:08:29.940+0000] {logging_mixin.py:188} INFO - Uploaded D:\ADF_folder\real-time-stocks-mds\data\s3_downloads/AMZN_1771463718.json to Snowflake stage
[2026-02-27T19:08:29.941+0000] {cursor.py:1028} INFO - query: [PUT file://D:\ADF_folder\real-time-stocks-mds\data\s3_downloads/AMZN_1771463750....]
[2026-02-27T19:08:30.127+0000] {cursor.py:1041} INFO - query execution done
[2026-02-27T19:08:30.296+0000] {logging_mixin.py:188} INFO - Uploaded D:\ADF_folder\real-time-stocks-mds\data\s3_downloads/AMZN_1771463750.json to Snowflake stage
[2026-02-27T19:08:30.297+0000] {cursor.py:1028} INFO - query: [PUT file://D:\ADF_folder\real-time-stocks-mds\data\s3_downloads/AMZN_1771463783....]
[2026-02-27T19:08:30.486+0000] {cursor.py:1041} INFO - query execution done
[2026-02-27T19:08:30.654+0000] {logging_mixin.py:188} INFO - Uploaded D:\ADF_folder\real-time-stocks-mds\data\s3_downloads/AMZN_1771463783.json to Snowflake stage
[2026-02-27T19:08:30.655+0000] {cursor.py:1028} INFO - query: [PUT file://D:\ADF_folder\real-time-stocks-mds\data\s3_downloads/AMZN_1771463816....]
[2026-02-27T19:08:30.851+0000] {cursor.py:1041} INFO - query execution done
[2026-02-27T19:08:31.013+0000] {logging_mixin.py:188} INFO - Uploaded D:\ADF_folder\real-time-stocks-mds\data\s3_downloads/AMZN_1771463816.json to Snowflake stage
[2026-02-27T19:08:31.013+0000] {cursor.py:1028} INFO - query: [PUT file://D:\ADF_folder\real-time-stocks-mds\data\s3_downloads/AMZN_1771463849....]
[2026-02-27T19:08:31.196+0000] {cursor.py:1041} INFO - query execution done
[2026-02-27T19:08:31.358+0000] {logging_mixin.py:188} INFO - Uploaded D:\ADF_folder\real-time-stocks-mds\data\s3_downloads/AMZN_1771463849.json to Snowflake stage
[2026-02-27T19:08:31.359+0000] {cursor.py:1028} INFO - query: [PUT file://D:\ADF_folder\real-time-stocks-mds\data\s3_downloads/AMZN_1771463882....]
[2026-02-27T19:08:31.548+0000] {cursor.py:1041} INFO - query execution done
[2026-02-27T19:08:31.712+0000] {logging_mixin.py:188} INFO - Uploaded D:\ADF_folder\real-time-stocks-mds\data\s3_downloads/AMZN_1771463882.json to Snowflake stage
[2026-02-27T19:08:31.713+0000] {cursor.py:1028} INFO - query: [PUT file://D:\ADF_folder\real-time-stocks-mds\data\s3_downloads/AMZN_1771463916....]
[2026-02-27T19:08:31.911+0000] {cursor.py:1041} INFO - query execution done
[2026-02-27T19:08:32.079+0000] {logging_mixin.py:188} INFO - Uploaded D:\ADF_folder\real-time-stocks-mds\data\s3_downloads/AMZN_1771463916.json to Snowflake stage
[2026-02-27T19:08:32.080+0000] {cursor.py:1028} INFO - query: [PUT file://D:\ADF_folder\real-time-stocks-mds\data\s3_downloads/MSFT_1771463592....]
[2026-02-27T19:08:32.262+0000] {cursor.py:1041} INFO - query execution done
[2026-02-27T19:08:32.423+0000] {logging_mixin.py:188} INFO - Uploaded D:\ADF_folder\real-time-stocks-mds\data\s3_downloads/MSFT_1771463592.json to Snowflake stage
[2026-02-27T19:08:32.424+0000] {cursor.py:1028} INFO - query: [PUT file://D:\ADF_folder\real-time-stocks-mds\data\s3_downloads/MSFT_1771463625....]
[2026-02-27T19:08:32.615+0000] {cursor.py:1041} INFO - query execution done
[2026-02-27T19:08:32.780+0000] {logging_mixin.py:188} INFO - Uploaded D:\ADF_folder\real-time-stocks-mds\data\s3_downloads/MSFT_1771463625.json to Snowflake stage
[2026-02-27T19:08:32.781+0000] {cursor.py:1028} INFO - query: [PUT file://D:\ADF_folder\real-time-stocks-mds\data\s3_downloads/MSFT_1771463658....]
[2026-02-27T19:08:32.979+0000] {cursor.py:1041} INFO - query execution done
[2026-02-27T19:08:33.140+0000] {logging_mixin.py:188} INFO - Uploaded D:\ADF_folder\real-time-stocks-mds\data\s3_downloads/MSFT_1771463658.json to Snowflake stage
[2026-02-27T19:08:33.140+0000] {cursor.py:1028} INFO - query: [PUT file://D:\ADF_folder\real-time-stocks-mds\data\s3_downloads/MSFT_1771463691....]
[2026-02-27T19:08:33.327+0000] {cursor.py:1041} INFO - query execution done
[2026-02-27T19:08:33.490+0000] {logging_mixin.py:188} INFO - Uploaded D:\ADF_folder\real-time-stocks-mds\data\s3_downloads/MSFT_1771463691.json to Snowflake stage
[2026-02-27T19:08:33.490+0000] {cursor.py:1028} INFO - query: [PUT file://D:\ADF_folder\real-time-stocks-mds\data\s3_downloads/MSFT_1771463724....]
[2026-02-27T19:08:33.686+0000] {cursor.py:1041} INFO - query execution done
[2026-02-27T19:08:33.852+0000] {logging_mixin.py:188} INFO - Uploaded D:\ADF_folder\real-time-stocks-mds\data\s3_downloads/MSFT_1771463724.json to Snowflake stage
[2026-02-27T19:08:33.853+0000] {cursor.py:1028} INFO - query: [PUT file://D:\ADF_folder\real-time-stocks-mds\data\s3_downloads/MSFT_1771463757....]
[2026-02-27T19:08:34.037+0000] {cursor.py:1041} INFO - query execution done
[2026-02-27T19:08:34.204+0000] {logging_mixin.py:188} INFO - Uploaded D:\ADF_folder\real-time-stocks-mds\data\s3_downloads/MSFT_1771463757.json to Snowflake stage
[2026-02-27T19:08:34.205+0000] {cursor.py:1028} INFO - query: [PUT file://D:\ADF_folder\real-time-stocks-mds\data\s3_downloads/MSFT_1771463790....]
[2026-02-27T19:08:34.398+0000] {cursor.py:1041} INFO - query execution done
[2026-02-27T19:08:34.560+0000] {logging_mixin.py:188} INFO - Uploaded D:\ADF_folder\real-time-stocks-mds\data\s3_downloads/MSFT_1771463790.json to Snowflake stage
[2026-02-27T19:08:34.561+0000] {cursor.py:1028} INFO - query: [PUT file://D:\ADF_folder\real-time-stocks-mds\data\s3_downloads/MSFT_1771463823....]
[2026-02-27T19:08:34.758+0000] {cursor.py:1041} INFO - query execution done
[2026-02-27T19:08:34.919+0000] {logging_mixin.py:188} INFO - Uploaded D:\ADF_folder\real-time-stocks-mds\data\s3_downloads/MSFT_1771463823.json to Snowflake stage
[2026-02-27T19:08:34.920+0000] {cursor.py:1028} INFO - query: [PUT file://D:\ADF_folder\real-time-stocks-mds\data\s3_downloads/MSFT_1771463856....]
[2026-02-27T19:08:35.102+0000] {cursor.py:1041} INFO - query execution done
[2026-02-27T19:08:35.273+0000] {logging_mixin.py:188} INFO - Uploaded D:\ADF_folder\real-time-stocks-mds\data\s3_downloads/MSFT_1771463856.json to Snowflake stage
[2026-02-27T19:08:35.275+0000] {cursor.py:1028} INFO - query: [PUT file://D:\ADF_folder\real-time-stocks-mds\data\s3_downloads/MSFT_1771463889....]
[2026-02-27T19:08:35.464+0000] {cursor.py:1041} INFO - query execution done
[2026-02-27T19:08:35.626+0000] {logging_mixin.py:188} INFO - Uploaded D:\ADF_folder\real-time-stocks-mds\data\s3_downloads/MSFT_1771463889.json to Snowflake stage
[2026-02-27T19:08:35.627+0000] {cursor.py:1028} INFO - query: [PUT file://D:\ADF_folder\real-time-stocks-mds\data\s3_downloads/TSLA_1771463599....]
[2026-02-27T19:08:35.828+0000] {cursor.py:1041} INFO - query execution done
[2026-02-27T19:08:35.996+0000] {logging_mixin.py:188} INFO - Uploaded D:\ADF_folder\real-time-stocks-mds\data\s3_downloads/TSLA_1771463599.json to Snowflake stage
[2026-02-27T19:08:35.997+0000] {cursor.py:1028} INFO - query: [PUT file://D:\ADF_folder\real-time-stocks-mds\data\s3_downloads/TSLA_1771463632....]
[2026-02-27T19:08:36.181+0000] {cursor.py:1041} INFO - query execution done
[2026-02-27T19:08:36.342+0000] {logging_mixin.py:188} INFO - Uploaded D:\ADF_folder\real-time-stocks-mds\data\s3_downloads/TSLA_1771463632.json to Snowflake stage
[2026-02-27T19:08:36.343+0000] {cursor.py:1028} INFO - query: [PUT file://D:\ADF_folder\real-time-stocks-mds\data\s3_downloads/TSLA_1771463665....]
[2026-02-27T19:08:36.537+0000] {cursor.py:1041} INFO - query execution done
[2026-02-27T19:08:36.702+0000] {logging_mixin.py:188} INFO - Uploaded D:\ADF_folder\real-time-stocks-mds\data\s3_downloads/TSLA_1771463665.json to Snowflake stage
[2026-02-27T19:08:36.703+0000] {cursor.py:1028} INFO - query: [PUT file://D:\ADF_folder\real-time-stocks-mds\data\s3_downloads/TSLA_1771463698....]
[2026-02-27T19:08:36.900+0000] {cursor.py:1041} INFO - query execution done
[2026-02-27T19:08:37.066+0000] {logging_mixin.py:188} INFO - Uploaded D:\ADF_folder\real-time-stocks-mds\data\s3_downloads/TSLA_1771463698.json to Snowflake stage
[2026-02-27T19:08:37.067+0000] {cursor.py:1028} INFO - query: [PUT file://D:\ADF_folder\real-time-stocks-mds\data\s3_downloads/TSLA_1771463731....]
[2026-02-27T19:08:37.250+0000] {cursor.py:1041} INFO - query execution done
[2026-02-27T19:08:37.414+0000] {logging_mixin.py:188} INFO - Uploaded D:\ADF_folder\real-time-stocks-mds\data\s3_downloads/TSLA_1771463731.json to Snowflake stage
[2026-02-27T19:08:37.414+0000] {cursor.py:1028} INFO - query: [PUT file://D:\ADF_folder\real-time-stocks-mds\data\s3_downloads/TSLA_1771463764....]
[2026-02-27T19:08:37.606+0000] {cursor.py:1041} INFO - query execution done
[2026-02-27T19:08:37.769+0000] {logging_mixin.py:188} INFO - Uploaded D:\ADF_folder\real-time-stocks-mds\data\s3_downloads/TSLA_1771463764.json to Snowflake stage
[2026-02-27T19:08:37.770+0000] {cursor.py:1028} INFO - query: [PUT file://D:\ADF_folder\real-time-stocks-mds\data\s3_downloads/TSLA_1771463797....]
[2026-02-27T19:08:37.965+0000] {cursor.py:1041} INFO - query execution done
[2026-02-27T19:08:38.130+0000] {logging_mixin.py:188} INFO - Uploaded D:\ADF_folder\real-time-stocks-mds\data\s3_downloads/TSLA_1771463797.json to Snowflake stage
[2026-02-27T19:08:38.132+0000] {cursor.py:1028} INFO - query: [PUT file://D:\ADF_folder\real-time-stocks-mds\data\s3_downloads/TSLA_1771463830....]
[2026-02-27T19:08:38.317+0000] {cursor.py:1041} INFO - query execution done
[2026-02-27T19:08:38.490+0000] {logging_mixin.py:188} INFO - Uploaded D:\ADF_folder\real-time-stocks-mds\data\s3_downloads/TSLA_1771463830.json to Snowflake stage
[2026-02-27T19:08:38.491+0000] {cursor.py:1028} INFO - query: [PUT file://D:\ADF_folder\real-time-stocks-mds\data\s3_downloads/TSLA_1771463862....]
[2026-02-27T19:08:38.681+0000] {cursor.py:1041} INFO - query execution done
[2026-02-27T19:08:38.851+0000] {logging_mixin.py:188} INFO - Uploaded D:\ADF_folder\real-time-stocks-mds\data\s3_downloads/TSLA_1771463862.json to Snowflake stage
[2026-02-27T19:08:38.852+0000] {cursor.py:1028} INFO - query: [PUT file://D:\ADF_folder\real-time-stocks-mds\data\s3_downloads/TSLA_1771463895....]
[2026-02-27T19:08:39.049+0000] {cursor.py:1041} INFO - query execution done
[2026-02-27T19:08:39.208+0000] {logging_mixin.py:188} INFO - Uploaded D:\ADF_folder\real-time-stocks-mds\data\s3_downloads/TSLA_1771463895.json to Snowflake stage
[2026-02-27T19:08:39.209+0000] {cursor.py:1028} INFO - query: [COPY INTO bronze_stock_quotes_raw FROM @%bronze_stock_quotes_raw FILE_FORMAT =(T...]
[2026-02-27T19:08:40.741+0000] {cursor.py:1041} INFO - query execution done
[2026-02-27T19:08:40.743+0000] {cursor.py:1205} INFO - Number of results in first chunk: 50
[2026-02-27T19:08:40.744+0000] {logging_mixin.py:188} INFO - COPY INTO executed
[2026-02-27T19:08:40.745+0000] {connection.py:718} INFO - closed
[2026-02-27T19:08:40.910+0000] {connection.py:724} INFO - No async queries seem to be running, deleting session
[2026-02-27T19:08:41.084+0000] {python.py:201} INFO - Done. Returned value was: None
[2026-02-27T19:08:41.097+0000] {taskinstance.py:1138} INFO - Marking task as SUCCESS. dag_id=s3_to_snowflake, task_id=load_snowflake, execution_date=20260227T190748, start_date=20260227T190818, end_date=20260227T190841
[2026-02-27T19:08:41.145+0000] {local_task_job_runner.py:234} INFO - Task exited with return code 0
[2026-02-27T19:08:41.160+0000] {taskinstance.py:3280} INFO - 0 downstream tasks scheduled from follow-on schedule check
