[2026-02-23T03:17:44.963+0000] {processor.py:161} INFO - Started process (PID=182) to work on /opt/airflow/dags/s3_to_snowflake.py
[2026-02-23T03:17:44.970+0000] {processor.py:830} INFO - Processing file /opt/airflow/dags/s3_to_snowflake.py for tasks to queue
[2026-02-23T03:17:44.974+0000] {logging_mixin.py:188} INFO - [2026-02-23T03:17:44.973+0000] {dagbag.py:538} INFO - Filling up the DagBag from /opt/airflow/dags/s3_to_snowflake.py
[2026-02-23T03:17:45.039+0000] {logging_mixin.py:188} INFO - [2026-02-23T03:17:45.032+0000] {dagbag.py:348} ERROR - Failed to import: /opt/airflow/dags/s3_to_snowflake.py
Traceback (most recent call last):
  File "/home/airflow/.local/lib/python3.11/site-packages/airflow/models/dagbag.py", line 344, in parse
    loader.exec_module(new_module)
  File "<frozen importlib._bootstrap_external>", line 936, in exec_module
  File "<frozen importlib._bootstrap_external>", line 1074, in get_code
  File "<frozen importlib._bootstrap_external>", line 1004, in source_to_code
  File "<frozen importlib._bootstrap>", line 241, in _call_with_frames_removed
  File "/opt/airflow/dags/s3_to_snowflake.py", line 73
    "start_date" :datetime(2025,02,23),
                                ^
SyntaxError: leading zeros in decimal integer literals are not permitted; use an 0o prefix for octal integers
[2026-02-23T03:17:45.046+0000] {processor.py:842} WARNING - No viable dags retrieved from /opt/airflow/dags/s3_to_snowflake.py
[2026-02-23T03:17:45.133+0000] {processor.py:183} INFO - Processing /opt/airflow/dags/s3_to_snowflake.py took 0.182 seconds
[2026-02-23T03:18:15.373+0000] {processor.py:161} INFO - Started process (PID=187) to work on /opt/airflow/dags/s3_to_snowflake.py
[2026-02-23T03:18:15.375+0000] {processor.py:830} INFO - Processing file /opt/airflow/dags/s3_to_snowflake.py for tasks to queue
[2026-02-23T03:18:15.376+0000] {logging_mixin.py:188} INFO - [2026-02-23T03:18:15.375+0000] {dagbag.py:538} INFO - Filling up the DagBag from /opt/airflow/dags/s3_to_snowflake.py
[2026-02-23T03:18:15.395+0000] {logging_mixin.py:188} INFO - [2026-02-23T03:18:15.393+0000] {dagbag.py:348} ERROR - Failed to import: /opt/airflow/dags/s3_to_snowflake.py
Traceback (most recent call last):
  File "/home/airflow/.local/lib/python3.11/site-packages/airflow/models/dagbag.py", line 344, in parse
    loader.exec_module(new_module)
  File "<frozen importlib._bootstrap_external>", line 936, in exec_module
  File "<frozen importlib._bootstrap_external>", line 1074, in get_code
  File "<frozen importlib._bootstrap_external>", line 1004, in source_to_code
  File "<frozen importlib._bootstrap>", line 241, in _call_with_frames_removed
  File "/opt/airflow/dags/s3_to_snowflake.py", line 73
    "start_date" :datetime(2025,02,23),
                                ^
SyntaxError: leading zeros in decimal integer literals are not permitted; use an 0o prefix for octal integers
[2026-02-23T03:18:15.397+0000] {processor.py:842} WARNING - No viable dags retrieved from /opt/airflow/dags/s3_to_snowflake.py
[2026-02-23T03:18:15.425+0000] {processor.py:183} INFO - Processing /opt/airflow/dags/s3_to_snowflake.py took 0.056 seconds
[2026-02-23T03:18:45.701+0000] {processor.py:161} INFO - Started process (PID=192) to work on /opt/airflow/dags/s3_to_snowflake.py
[2026-02-23T03:18:45.703+0000] {processor.py:830} INFO - Processing file /opt/airflow/dags/s3_to_snowflake.py for tasks to queue
[2026-02-23T03:18:45.704+0000] {logging_mixin.py:188} INFO - [2026-02-23T03:18:45.704+0000] {dagbag.py:538} INFO - Filling up the DagBag from /opt/airflow/dags/s3_to_snowflake.py
[2026-02-23T03:18:45.726+0000] {logging_mixin.py:188} INFO - [2026-02-23T03:18:45.725+0000] {dagbag.py:348} ERROR - Failed to import: /opt/airflow/dags/s3_to_snowflake.py
Traceback (most recent call last):
  File "/home/airflow/.local/lib/python3.11/site-packages/airflow/models/dagbag.py", line 344, in parse
    loader.exec_module(new_module)
  File "<frozen importlib._bootstrap_external>", line 936, in exec_module
  File "<frozen importlib._bootstrap_external>", line 1074, in get_code
  File "<frozen importlib._bootstrap_external>", line 1004, in source_to_code
  File "<frozen importlib._bootstrap>", line 241, in _call_with_frames_removed
  File "/opt/airflow/dags/s3_to_snowflake.py", line 73
    "start_date" :datetime(2025,02,23),
                                ^
SyntaxError: leading zeros in decimal integer literals are not permitted; use an 0o prefix for octal integers
[2026-02-23T03:18:45.727+0000] {processor.py:842} WARNING - No viable dags retrieved from /opt/airflow/dags/s3_to_snowflake.py
[2026-02-23T03:18:45.758+0000] {processor.py:183} INFO - Processing /opt/airflow/dags/s3_to_snowflake.py took 0.060 seconds
[2026-02-23T03:19:01.924+0000] {processor.py:161} INFO - Started process (PID=197) to work on /opt/airflow/dags/s3_to_snowflake.py
[2026-02-23T03:19:01.927+0000] {processor.py:830} INFO - Processing file /opt/airflow/dags/s3_to_snowflake.py for tasks to queue
[2026-02-23T03:19:01.931+0000] {logging_mixin.py:188} INFO - [2026-02-23T03:19:01.929+0000] {dagbag.py:538} INFO - Filling up the DagBag from /opt/airflow/dags/s3_to_snowflake.py
[2026-02-23T03:19:06.959+0000] {logging_mixin.py:188} INFO - [2026-02-23T03:19:06.945+0000] {dagbag.py:348} ERROR - Failed to import: /opt/airflow/dags/s3_to_snowflake.py
Traceback (most recent call last):
  File "/home/airflow/.local/lib/python3.11/site-packages/airflow/models/dagbag.py", line 344, in parse
    loader.exec_module(new_module)
  File "<frozen importlib._bootstrap_external>", line 940, in exec_module
  File "<frozen importlib._bootstrap>", line 241, in _call_with_frames_removed
  File "/opt/airflow/dags/s3_to_snowflake.py", line 9, in <module>
    aws_access_key = os.load_dotenv("AWS_ACCESS_KEY_ID")
                     ^^^^^^^^^^^^^^
AttributeError: module 'os' has no attribute 'load_dotenv'
[2026-02-23T03:19:06.964+0000] {processor.py:842} WARNING - No viable dags retrieved from /opt/airflow/dags/s3_to_snowflake.py
[2026-02-23T03:19:07.023+0000] {processor.py:183} INFO - Processing /opt/airflow/dags/s3_to_snowflake.py took 5.109 seconds
[2026-02-23T03:19:37.234+0000] {processor.py:161} INFO - Started process (PID=204) to work on /opt/airflow/dags/s3_to_snowflake.py
[2026-02-23T03:19:37.236+0000] {processor.py:830} INFO - Processing file /opt/airflow/dags/s3_to_snowflake.py for tasks to queue
[2026-02-23T03:19:37.237+0000] {logging_mixin.py:188} INFO - [2026-02-23T03:19:37.237+0000] {dagbag.py:538} INFO - Filling up the DagBag from /opt/airflow/dags/s3_to_snowflake.py
[2026-02-23T03:19:37.811+0000] {logging_mixin.py:188} INFO - [2026-02-23T03:19:37.799+0000] {dagbag.py:348} ERROR - Failed to import: /opt/airflow/dags/s3_to_snowflake.py
Traceback (most recent call last):
  File "/home/airflow/.local/lib/python3.11/site-packages/airflow/models/dagbag.py", line 344, in parse
    loader.exec_module(new_module)
  File "<frozen importlib._bootstrap_external>", line 940, in exec_module
  File "<frozen importlib._bootstrap>", line 241, in _call_with_frames_removed
  File "/opt/airflow/dags/s3_to_snowflake.py", line 9, in <module>
    aws_access_key = os.load_dotenv("AWS_ACCESS_KEY_ID")
                     ^^^^^^^^^^^^^^
AttributeError: module 'os' has no attribute 'load_dotenv'
[2026-02-23T03:19:37.816+0000] {processor.py:842} WARNING - No viable dags retrieved from /opt/airflow/dags/s3_to_snowflake.py
[2026-02-23T03:19:37.846+0000] {processor.py:183} INFO - Processing /opt/airflow/dags/s3_to_snowflake.py took 0.615 seconds
[2026-02-23T03:20:08.166+0000] {processor.py:161} INFO - Started process (PID=211) to work on /opt/airflow/dags/s3_to_snowflake.py
[2026-02-23T03:20:08.167+0000] {processor.py:830} INFO - Processing file /opt/airflow/dags/s3_to_snowflake.py for tasks to queue
[2026-02-23T03:20:08.169+0000] {logging_mixin.py:188} INFO - [2026-02-23T03:20:08.168+0000] {dagbag.py:538} INFO - Filling up the DagBag from /opt/airflow/dags/s3_to_snowflake.py
[2026-02-23T03:20:08.723+0000] {logging_mixin.py:188} INFO - [2026-02-23T03:20:08.711+0000] {dagbag.py:348} ERROR - Failed to import: /opt/airflow/dags/s3_to_snowflake.py
Traceback (most recent call last):
  File "/home/airflow/.local/lib/python3.11/site-packages/airflow/models/dagbag.py", line 344, in parse
    loader.exec_module(new_module)
  File "<frozen importlib._bootstrap_external>", line 940, in exec_module
  File "<frozen importlib._bootstrap>", line 241, in _call_with_frames_removed
  File "/opt/airflow/dags/s3_to_snowflake.py", line 9, in <module>
    aws_access_key = os.load_dotenv("AWS_ACCESS_KEY_ID")
                     ^^^^^^^^^^^^^^
AttributeError: module 'os' has no attribute 'load_dotenv'
[2026-02-23T03:20:08.725+0000] {processor.py:842} WARNING - No viable dags retrieved from /opt/airflow/dags/s3_to_snowflake.py
[2026-02-23T03:20:08.751+0000] {processor.py:183} INFO - Processing /opt/airflow/dags/s3_to_snowflake.py took 0.588 seconds
[2026-02-23T03:20:39.053+0000] {processor.py:161} INFO - Started process (PID=218) to work on /opt/airflow/dags/s3_to_snowflake.py
[2026-02-23T03:20:39.054+0000] {processor.py:830} INFO - Processing file /opt/airflow/dags/s3_to_snowflake.py for tasks to queue
[2026-02-23T03:20:39.056+0000] {logging_mixin.py:188} INFO - [2026-02-23T03:20:39.055+0000] {dagbag.py:538} INFO - Filling up the DagBag from /opt/airflow/dags/s3_to_snowflake.py
[2026-02-23T03:20:39.550+0000] {logging_mixin.py:188} INFO - [2026-02-23T03:20:39.539+0000] {dagbag.py:348} ERROR - Failed to import: /opt/airflow/dags/s3_to_snowflake.py
Traceback (most recent call last):
  File "/home/airflow/.local/lib/python3.11/site-packages/airflow/models/dagbag.py", line 344, in parse
    loader.exec_module(new_module)
  File "<frozen importlib._bootstrap_external>", line 940, in exec_module
  File "<frozen importlib._bootstrap>", line 241, in _call_with_frames_removed
  File "/opt/airflow/dags/s3_to_snowflake.py", line 9, in <module>
    aws_access_key = os.load_dotenv("AWS_ACCESS_KEY_ID")
                     ^^^^^^^^^^^^^^
AttributeError: module 'os' has no attribute 'load_dotenv'
[2026-02-23T03:20:39.554+0000] {processor.py:842} WARNING - No viable dags retrieved from /opt/airflow/dags/s3_to_snowflake.py
[2026-02-23T03:20:39.584+0000] {processor.py:183} INFO - Processing /opt/airflow/dags/s3_to_snowflake.py took 0.534 seconds
[2026-02-23T03:21:09.889+0000] {processor.py:161} INFO - Started process (PID=225) to work on /opt/airflow/dags/s3_to_snowflake.py
[2026-02-23T03:21:09.891+0000] {processor.py:830} INFO - Processing file /opt/airflow/dags/s3_to_snowflake.py for tasks to queue
[2026-02-23T03:21:09.893+0000] {logging_mixin.py:188} INFO - [2026-02-23T03:21:09.892+0000] {dagbag.py:538} INFO - Filling up the DagBag from /opt/airflow/dags/s3_to_snowflake.py
[2026-02-23T03:21:10.421+0000] {logging_mixin.py:188} INFO - [2026-02-23T03:21:10.409+0000] {dagbag.py:348} ERROR - Failed to import: /opt/airflow/dags/s3_to_snowflake.py
Traceback (most recent call last):
  File "/home/airflow/.local/lib/python3.11/site-packages/airflow/models/dagbag.py", line 344, in parse
    loader.exec_module(new_module)
  File "<frozen importlib._bootstrap_external>", line 940, in exec_module
  File "<frozen importlib._bootstrap>", line 241, in _call_with_frames_removed
  File "/opt/airflow/dags/s3_to_snowflake.py", line 9, in <module>
    aws_access_key = os.load_dotenv("AWS_ACCESS_KEY_ID")
                     ^^^^^^^^^^^^^^
AttributeError: module 'os' has no attribute 'load_dotenv'
[2026-02-23T03:21:10.424+0000] {processor.py:842} WARNING - No viable dags retrieved from /opt/airflow/dags/s3_to_snowflake.py
[2026-02-23T03:21:10.456+0000] {processor.py:183} INFO - Processing /opt/airflow/dags/s3_to_snowflake.py took 0.571 seconds
[2026-02-23T03:21:17.368+0000] {processor.py:161} INFO - Started process (PID=232) to work on /opt/airflow/dags/s3_to_snowflake.py
[2026-02-23T03:21:17.369+0000] {processor.py:830} INFO - Processing file /opt/airflow/dags/s3_to_snowflake.py for tasks to queue
[2026-02-23T03:21:17.370+0000] {logging_mixin.py:188} INFO - [2026-02-23T03:21:17.370+0000] {dagbag.py:538} INFO - Filling up the DagBag from /opt/airflow/dags/s3_to_snowflake.py
[2026-02-23T03:21:18.110+0000] {logging_mixin.py:188} INFO - [2026-02-23T03:21:18.096+0000] {dagbag.py:348} ERROR - Failed to import: /opt/airflow/dags/s3_to_snowflake.py
Traceback (most recent call last):
  File "/home/airflow/.local/lib/python3.11/site-packages/airflow/models/dagbag.py", line 344, in parse
    loader.exec_module(new_module)
  File "<frozen importlib._bootstrap_external>", line 940, in exec_module
  File "<frozen importlib._bootstrap>", line 241, in _call_with_frames_removed
  File "/opt/airflow/dags/s3_to_snowflake.py", line 10, in <module>
    aws_access_key = os.load_dotenv("AWS_ACCESS_KEY_ID")
                     ^^^^^^^^^^^^^^
AttributeError: module 'os' has no attribute 'load_dotenv'
[2026-02-23T03:21:18.115+0000] {processor.py:842} WARNING - No viable dags retrieved from /opt/airflow/dags/s3_to_snowflake.py
[2026-02-23T03:21:18.150+0000] {processor.py:183} INFO - Processing /opt/airflow/dags/s3_to_snowflake.py took 0.786 seconds
[2026-02-23T03:21:48.447+0000] {processor.py:161} INFO - Started process (PID=239) to work on /opt/airflow/dags/s3_to_snowflake.py
[2026-02-23T03:21:48.448+0000] {processor.py:830} INFO - Processing file /opt/airflow/dags/s3_to_snowflake.py for tasks to queue
[2026-02-23T03:21:48.449+0000] {logging_mixin.py:188} INFO - [2026-02-23T03:21:48.449+0000] {dagbag.py:538} INFO - Filling up the DagBag from /opt/airflow/dags/s3_to_snowflake.py
[2026-02-23T03:21:48.950+0000] {logging_mixin.py:188} INFO - [2026-02-23T03:21:48.944+0000] {dagbag.py:348} ERROR - Failed to import: /opt/airflow/dags/s3_to_snowflake.py
Traceback (most recent call last):
  File "/home/airflow/.local/lib/python3.11/site-packages/airflow/models/dagbag.py", line 344, in parse
    loader.exec_module(new_module)
  File "<frozen importlib._bootstrap_external>", line 940, in exec_module
  File "<frozen importlib._bootstrap>", line 241, in _call_with_frames_removed
  File "/opt/airflow/dags/s3_to_snowflake.py", line 10, in <module>
    aws_access_key = os.load_dotenv("AWS_ACCESS_KEY_ID")
                     ^^^^^^^^^^^^^^
AttributeError: module 'os' has no attribute 'load_dotenv'
[2026-02-23T03:21:48.952+0000] {processor.py:842} WARNING - No viable dags retrieved from /opt/airflow/dags/s3_to_snowflake.py
[2026-02-23T03:21:48.978+0000] {processor.py:183} INFO - Processing /opt/airflow/dags/s3_to_snowflake.py took 0.535 seconds
[2026-02-23T03:22:19.256+0000] {processor.py:161} INFO - Started process (PID=246) to work on /opt/airflow/dags/s3_to_snowflake.py
[2026-02-23T03:22:19.261+0000] {processor.py:830} INFO - Processing file /opt/airflow/dags/s3_to_snowflake.py for tasks to queue
[2026-02-23T03:22:19.263+0000] {logging_mixin.py:188} INFO - [2026-02-23T03:22:19.262+0000] {dagbag.py:538} INFO - Filling up the DagBag from /opt/airflow/dags/s3_to_snowflake.py
[2026-02-23T03:22:19.807+0000] {logging_mixin.py:188} INFO - [2026-02-23T03:22:19.794+0000] {dagbag.py:348} ERROR - Failed to import: /opt/airflow/dags/s3_to_snowflake.py
Traceback (most recent call last):
  File "/home/airflow/.local/lib/python3.11/site-packages/airflow/models/dagbag.py", line 344, in parse
    loader.exec_module(new_module)
  File "<frozen importlib._bootstrap_external>", line 940, in exec_module
  File "<frozen importlib._bootstrap>", line 241, in _call_with_frames_removed
  File "/opt/airflow/dags/s3_to_snowflake.py", line 10, in <module>
    aws_access_key = os.load_dotenv("AWS_ACCESS_KEY_ID")
                     ^^^^^^^^^^^^^^
AttributeError: module 'os' has no attribute 'load_dotenv'
[2026-02-23T03:22:19.811+0000] {processor.py:842} WARNING - No viable dags retrieved from /opt/airflow/dags/s3_to_snowflake.py
[2026-02-23T03:22:19.838+0000] {processor.py:183} INFO - Processing /opt/airflow/dags/s3_to_snowflake.py took 0.586 seconds
[2026-02-23T03:22:50.179+0000] {processor.py:161} INFO - Started process (PID=253) to work on /opt/airflow/dags/s3_to_snowflake.py
[2026-02-23T03:22:50.182+0000] {processor.py:830} INFO - Processing file /opt/airflow/dags/s3_to_snowflake.py for tasks to queue
[2026-02-23T03:22:50.183+0000] {logging_mixin.py:188} INFO - [2026-02-23T03:22:50.183+0000] {dagbag.py:538} INFO - Filling up the DagBag from /opt/airflow/dags/s3_to_snowflake.py
[2026-02-23T03:22:50.718+0000] {logging_mixin.py:188} INFO - [2026-02-23T03:22:50.708+0000] {dagbag.py:348} ERROR - Failed to import: /opt/airflow/dags/s3_to_snowflake.py
Traceback (most recent call last):
  File "/home/airflow/.local/lib/python3.11/site-packages/airflow/models/dagbag.py", line 344, in parse
    loader.exec_module(new_module)
  File "<frozen importlib._bootstrap_external>", line 940, in exec_module
  File "<frozen importlib._bootstrap>", line 241, in _call_with_frames_removed
  File "/opt/airflow/dags/s3_to_snowflake.py", line 10, in <module>
    aws_access_key = os.load_dotenv("AWS_ACCESS_KEY_ID")
                     ^^^^^^^^^^^^^^
AttributeError: module 'os' has no attribute 'load_dotenv'
[2026-02-23T03:22:50.720+0000] {processor.py:842} WARNING - No viable dags retrieved from /opt/airflow/dags/s3_to_snowflake.py
[2026-02-23T03:22:50.749+0000] {processor.py:183} INFO - Processing /opt/airflow/dags/s3_to_snowflake.py took 0.573 seconds
[2026-02-23T03:23:21.019+0000] {processor.py:161} INFO - Started process (PID=260) to work on /opt/airflow/dags/s3_to_snowflake.py
[2026-02-23T03:23:21.020+0000] {processor.py:830} INFO - Processing file /opt/airflow/dags/s3_to_snowflake.py for tasks to queue
[2026-02-23T03:23:21.022+0000] {logging_mixin.py:188} INFO - [2026-02-23T03:23:21.021+0000] {dagbag.py:538} INFO - Filling up the DagBag from /opt/airflow/dags/s3_to_snowflake.py
[2026-02-23T03:23:21.540+0000] {logging_mixin.py:188} INFO - [2026-02-23T03:23:21.529+0000] {dagbag.py:348} ERROR - Failed to import: /opt/airflow/dags/s3_to_snowflake.py
Traceback (most recent call last):
  File "/home/airflow/.local/lib/python3.11/site-packages/airflow/models/dagbag.py", line 344, in parse
    loader.exec_module(new_module)
  File "<frozen importlib._bootstrap_external>", line 940, in exec_module
  File "<frozen importlib._bootstrap>", line 241, in _call_with_frames_removed
  File "/opt/airflow/dags/s3_to_snowflake.py", line 10, in <module>
    aws_access_key = os.load_dotenv("AWS_ACCESS_KEY_ID")
                     ^^^^^^^^^^^^^^
AttributeError: module 'os' has no attribute 'load_dotenv'
[2026-02-23T03:23:21.544+0000] {processor.py:842} WARNING - No viable dags retrieved from /opt/airflow/dags/s3_to_snowflake.py
[2026-02-23T03:23:21.574+0000] {processor.py:183} INFO - Processing /opt/airflow/dags/s3_to_snowflake.py took 0.559 seconds
[2026-02-23T03:23:36.733+0000] {processor.py:161} INFO - Started process (PID=267) to work on /opt/airflow/dags/s3_to_snowflake.py
[2026-02-23T03:23:36.734+0000] {processor.py:830} INFO - Processing file /opt/airflow/dags/s3_to_snowflake.py for tasks to queue
[2026-02-23T03:23:36.735+0000] {logging_mixin.py:188} INFO - [2026-02-23T03:23:36.735+0000] {dagbag.py:538} INFO - Filling up the DagBag from /opt/airflow/dags/s3_to_snowflake.py
[2026-02-23T03:23:37.357+0000] {logging_mixin.py:188} INFO - [2026-02-23T03:23:37.347+0000] {dagbag.py:348} ERROR - Failed to import: /opt/airflow/dags/s3_to_snowflake.py
Traceback (most recent call last):
  File "/home/airflow/.local/lib/python3.11/site-packages/airflow/models/dagbag.py", line 344, in parse
    loader.exec_module(new_module)
  File "<frozen importlib._bootstrap_external>", line 940, in exec_module
  File "<frozen importlib._bootstrap>", line 241, in _call_with_frames_removed
  File "/opt/airflow/dags/s3_to_snowflake.py", line 12, in <module>
    aws_access_key = os.load_dotenv("AWS_ACCESS_KEY_ID")
                     ^^^^^^^^^^^^^^
AttributeError: module 'os' has no attribute 'load_dotenv'
[2026-02-23T03:23:37.360+0000] {processor.py:842} WARNING - No viable dags retrieved from /opt/airflow/dags/s3_to_snowflake.py
[2026-02-23T03:23:37.392+0000] {processor.py:183} INFO - Processing /opt/airflow/dags/s3_to_snowflake.py took 0.663 seconds
[2026-02-23T03:24:07.698+0000] {processor.py:161} INFO - Started process (PID=274) to work on /opt/airflow/dags/s3_to_snowflake.py
[2026-02-23T03:24:07.700+0000] {processor.py:830} INFO - Processing file /opt/airflow/dags/s3_to_snowflake.py for tasks to queue
[2026-02-23T03:24:07.702+0000] {logging_mixin.py:188} INFO - [2026-02-23T03:24:07.701+0000] {dagbag.py:538} INFO - Filling up the DagBag from /opt/airflow/dags/s3_to_snowflake.py
[2026-02-23T03:24:08.231+0000] {logging_mixin.py:188} INFO - [2026-02-23T03:24:08.220+0000] {dagbag.py:348} ERROR - Failed to import: /opt/airflow/dags/s3_to_snowflake.py
Traceback (most recent call last):
  File "/home/airflow/.local/lib/python3.11/site-packages/airflow/models/dagbag.py", line 344, in parse
    loader.exec_module(new_module)
  File "<frozen importlib._bootstrap_external>", line 940, in exec_module
  File "<frozen importlib._bootstrap>", line 241, in _call_with_frames_removed
  File "/opt/airflow/dags/s3_to_snowflake.py", line 12, in <module>
    aws_access_key = os.load_dotenv("AWS_ACCESS_KEY_ID")
                     ^^^^^^^^^^^^^^
AttributeError: module 'os' has no attribute 'load_dotenv'
[2026-02-23T03:24:08.235+0000] {processor.py:842} WARNING - No viable dags retrieved from /opt/airflow/dags/s3_to_snowflake.py
[2026-02-23T03:24:08.267+0000] {processor.py:183} INFO - Processing /opt/airflow/dags/s3_to_snowflake.py took 0.572 seconds
[2026-02-23T03:24:38.559+0000] {processor.py:161} INFO - Started process (PID=281) to work on /opt/airflow/dags/s3_to_snowflake.py
[2026-02-23T03:24:38.560+0000] {processor.py:830} INFO - Processing file /opt/airflow/dags/s3_to_snowflake.py for tasks to queue
[2026-02-23T03:24:38.562+0000] {logging_mixin.py:188} INFO - [2026-02-23T03:24:38.561+0000] {dagbag.py:538} INFO - Filling up the DagBag from /opt/airflow/dags/s3_to_snowflake.py
[2026-02-23T03:24:39.066+0000] {logging_mixin.py:188} INFO - [2026-02-23T03:24:39.059+0000] {dagbag.py:348} ERROR - Failed to import: /opt/airflow/dags/s3_to_snowflake.py
Traceback (most recent call last):
  File "/home/airflow/.local/lib/python3.11/site-packages/airflow/models/dagbag.py", line 344, in parse
    loader.exec_module(new_module)
  File "<frozen importlib._bootstrap_external>", line 940, in exec_module
  File "<frozen importlib._bootstrap>", line 241, in _call_with_frames_removed
  File "/opt/airflow/dags/s3_to_snowflake.py", line 12, in <module>
    aws_access_key = os.load_dotenv("AWS_ACCESS_KEY_ID")
                     ^^^^^^^^^^^^^^
AttributeError: module 'os' has no attribute 'load_dotenv'
[2026-02-23T03:24:39.068+0000] {processor.py:842} WARNING - No viable dags retrieved from /opt/airflow/dags/s3_to_snowflake.py
[2026-02-23T03:24:39.093+0000] {processor.py:183} INFO - Processing /opt/airflow/dags/s3_to_snowflake.py took 0.540 seconds
[2026-02-23T03:25:09.209+0000] {processor.py:161} INFO - Started process (PID=288) to work on /opt/airflow/dags/s3_to_snowflake.py
[2026-02-23T03:25:09.210+0000] {processor.py:830} INFO - Processing file /opt/airflow/dags/s3_to_snowflake.py for tasks to queue
[2026-02-23T03:25:09.211+0000] {logging_mixin.py:188} INFO - [2026-02-23T03:25:09.211+0000] {dagbag.py:538} INFO - Filling up the DagBag from /opt/airflow/dags/s3_to_snowflake.py
[2026-02-23T03:25:09.710+0000] {logging_mixin.py:188} INFO - [2026-02-23T03:25:09.699+0000] {dagbag.py:348} ERROR - Failed to import: /opt/airflow/dags/s3_to_snowflake.py
Traceback (most recent call last):
  File "/home/airflow/.local/lib/python3.11/site-packages/airflow/models/dagbag.py", line 344, in parse
    loader.exec_module(new_module)
  File "<frozen importlib._bootstrap_external>", line 940, in exec_module
  File "<frozen importlib._bootstrap>", line 241, in _call_with_frames_removed
  File "/opt/airflow/dags/s3_to_snowflake.py", line 12, in <module>
    aws_access_key = os.load_dotenv("AWS_ACCESS_KEY_ID")
                     ^^^^^^^^^^^^^^
AttributeError: module 'os' has no attribute 'load_dotenv'
[2026-02-23T03:25:09.713+0000] {processor.py:842} WARNING - No viable dags retrieved from /opt/airflow/dags/s3_to_snowflake.py
[2026-02-23T03:25:09.736+0000] {processor.py:183} INFO - Processing /opt/airflow/dags/s3_to_snowflake.py took 0.531 seconds
[2026-02-23T03:25:39.982+0000] {processor.py:161} INFO - Started process (PID=295) to work on /opt/airflow/dags/s3_to_snowflake.py
[2026-02-23T03:25:39.983+0000] {processor.py:830} INFO - Processing file /opt/airflow/dags/s3_to_snowflake.py for tasks to queue
[2026-02-23T03:25:39.985+0000] {logging_mixin.py:188} INFO - [2026-02-23T03:25:39.984+0000] {dagbag.py:538} INFO - Filling up the DagBag from /opt/airflow/dags/s3_to_snowflake.py
[2026-02-23T03:25:40.493+0000] {logging_mixin.py:188} INFO - [2026-02-23T03:25:40.483+0000] {dagbag.py:348} ERROR - Failed to import: /opt/airflow/dags/s3_to_snowflake.py
Traceback (most recent call last):
  File "/home/airflow/.local/lib/python3.11/site-packages/airflow/models/dagbag.py", line 344, in parse
    loader.exec_module(new_module)
  File "<frozen importlib._bootstrap_external>", line 940, in exec_module
  File "<frozen importlib._bootstrap>", line 241, in _call_with_frames_removed
  File "/opt/airflow/dags/s3_to_snowflake.py", line 12, in <module>
    aws_access_key = os.load_dotenv("AWS_ACCESS_KEY_ID")
                     ^^^^^^^^^^^^^^
AttributeError: module 'os' has no attribute 'load_dotenv'
[2026-02-23T03:25:40.496+0000] {processor.py:842} WARNING - No viable dags retrieved from /opt/airflow/dags/s3_to_snowflake.py
[2026-02-23T03:25:40.525+0000] {processor.py:183} INFO - Processing /opt/airflow/dags/s3_to_snowflake.py took 0.547 seconds
[2026-02-23T03:26:10.796+0000] {processor.py:161} INFO - Started process (PID=302) to work on /opt/airflow/dags/s3_to_snowflake.py
[2026-02-23T03:26:10.797+0000] {processor.py:830} INFO - Processing file /opt/airflow/dags/s3_to_snowflake.py for tasks to queue
[2026-02-23T03:26:10.798+0000] {logging_mixin.py:188} INFO - [2026-02-23T03:26:10.798+0000] {dagbag.py:538} INFO - Filling up the DagBag from /opt/airflow/dags/s3_to_snowflake.py
[2026-02-23T03:26:11.270+0000] {logging_mixin.py:188} INFO - [2026-02-23T03:26:11.258+0000] {dagbag.py:348} ERROR - Failed to import: /opt/airflow/dags/s3_to_snowflake.py
Traceback (most recent call last):
  File "/home/airflow/.local/lib/python3.11/site-packages/airflow/models/dagbag.py", line 344, in parse
    loader.exec_module(new_module)
  File "<frozen importlib._bootstrap_external>", line 940, in exec_module
  File "<frozen importlib._bootstrap>", line 241, in _call_with_frames_removed
  File "/opt/airflow/dags/s3_to_snowflake.py", line 12, in <module>
    aws_access_key = os.load_dotenv("AWS_ACCESS_KEY_ID")
                     ^^^^^^^^^^^^^^
AttributeError: module 'os' has no attribute 'load_dotenv'
[2026-02-23T03:26:11.274+0000] {processor.py:842} WARNING - No viable dags retrieved from /opt/airflow/dags/s3_to_snowflake.py
[2026-02-23T03:26:11.299+0000] {processor.py:183} INFO - Processing /opt/airflow/dags/s3_to_snowflake.py took 0.506 seconds
[2026-02-23T03:27:41.318+0000] {processor.py:161} INFO - Started process (PID=182) to work on /opt/airflow/dags/s3_to_snowflake.py
[2026-02-23T03:27:41.321+0000] {processor.py:830} INFO - Processing file /opt/airflow/dags/s3_to_snowflake.py for tasks to queue
[2026-02-23T03:27:41.324+0000] {logging_mixin.py:188} INFO - [2026-02-23T03:27:41.323+0000] {dagbag.py:538} INFO - Filling up the DagBag from /opt/airflow/dags/s3_to_snowflake.py
[2026-02-23T03:27:46.697+0000] {logging_mixin.py:188} INFO - [2026-02-23T03:27:46.686+0000] {dagbag.py:348} ERROR - Failed to import: /opt/airflow/dags/s3_to_snowflake.py
Traceback (most recent call last):
  File "/home/airflow/.local/lib/python3.11/site-packages/airflow/models/dagbag.py", line 344, in parse
    loader.exec_module(new_module)
  File "<frozen importlib._bootstrap_external>", line 940, in exec_module
  File "<frozen importlib._bootstrap>", line 241, in _call_with_frames_removed
  File "/opt/airflow/dags/s3_to_snowflake.py", line 12, in <module>
    aws_access_key = os.load_dotenv("AWS_ACCESS_KEY_ID")
                     ^^^^^^^^^^^^^^
AttributeError: module 'os' has no attribute 'load_dotenv'
[2026-02-23T03:27:46.702+0000] {processor.py:842} WARNING - No viable dags retrieved from /opt/airflow/dags/s3_to_snowflake.py
[2026-02-23T03:27:46.746+0000] {processor.py:183} INFO - Processing /opt/airflow/dags/s3_to_snowflake.py took 5.439 seconds
[2026-02-23T03:28:17.029+0000] {processor.py:161} INFO - Started process (PID=189) to work on /opt/airflow/dags/s3_to_snowflake.py
[2026-02-23T03:28:17.030+0000] {processor.py:830} INFO - Processing file /opt/airflow/dags/s3_to_snowflake.py for tasks to queue
[2026-02-23T03:28:17.031+0000] {logging_mixin.py:188} INFO - [2026-02-23T03:28:17.031+0000] {dagbag.py:538} INFO - Filling up the DagBag from /opt/airflow/dags/s3_to_snowflake.py
[2026-02-23T03:28:17.526+0000] {logging_mixin.py:188} INFO - [2026-02-23T03:28:17.516+0000] {dagbag.py:348} ERROR - Failed to import: /opt/airflow/dags/s3_to_snowflake.py
Traceback (most recent call last):
  File "/home/airflow/.local/lib/python3.11/site-packages/airflow/models/dagbag.py", line 344, in parse
    loader.exec_module(new_module)
  File "<frozen importlib._bootstrap_external>", line 940, in exec_module
  File "<frozen importlib._bootstrap>", line 241, in _call_with_frames_removed
  File "/opt/airflow/dags/s3_to_snowflake.py", line 12, in <module>
    aws_access_key = os.load_dotenv("AWS_ACCESS_KEY_ID")
                     ^^^^^^^^^^^^^^
AttributeError: module 'os' has no attribute 'load_dotenv'
[2026-02-23T03:28:17.529+0000] {processor.py:842} WARNING - No viable dags retrieved from /opt/airflow/dags/s3_to_snowflake.py
[2026-02-23T03:28:17.557+0000] {processor.py:183} INFO - Processing /opt/airflow/dags/s3_to_snowflake.py took 0.531 seconds
[2026-02-23T03:28:47.881+0000] {processor.py:161} INFO - Started process (PID=196) to work on /opt/airflow/dags/s3_to_snowflake.py
[2026-02-23T03:28:47.882+0000] {processor.py:830} INFO - Processing file /opt/airflow/dags/s3_to_snowflake.py for tasks to queue
[2026-02-23T03:28:47.884+0000] {logging_mixin.py:188} INFO - [2026-02-23T03:28:47.883+0000] {dagbag.py:538} INFO - Filling up the DagBag from /opt/airflow/dags/s3_to_snowflake.py
[2026-02-23T03:28:48.418+0000] {logging_mixin.py:188} INFO - [2026-02-23T03:28:48.406+0000] {dagbag.py:348} ERROR - Failed to import: /opt/airflow/dags/s3_to_snowflake.py
Traceback (most recent call last):
  File "/home/airflow/.local/lib/python3.11/site-packages/airflow/models/dagbag.py", line 344, in parse
    loader.exec_module(new_module)
  File "<frozen importlib._bootstrap_external>", line 940, in exec_module
  File "<frozen importlib._bootstrap>", line 241, in _call_with_frames_removed
  File "/opt/airflow/dags/s3_to_snowflake.py", line 12, in <module>
    aws_access_key = os.load_dotenv("AWS_ACCESS_KEY_ID")
                     ^^^^^^^^^^^^^^
AttributeError: module 'os' has no attribute 'load_dotenv'
[2026-02-23T03:28:48.423+0000] {processor.py:842} WARNING - No viable dags retrieved from /opt/airflow/dags/s3_to_snowflake.py
[2026-02-23T03:28:48.453+0000] {processor.py:183} INFO - Processing /opt/airflow/dags/s3_to_snowflake.py took 0.577 seconds
[2026-02-23T03:29:18.747+0000] {processor.py:161} INFO - Started process (PID=203) to work on /opt/airflow/dags/s3_to_snowflake.py
[2026-02-23T03:29:18.749+0000] {processor.py:830} INFO - Processing file /opt/airflow/dags/s3_to_snowflake.py for tasks to queue
[2026-02-23T03:29:18.751+0000] {logging_mixin.py:188} INFO - [2026-02-23T03:29:18.751+0000] {dagbag.py:538} INFO - Filling up the DagBag from /opt/airflow/dags/s3_to_snowflake.py
[2026-02-23T03:29:19.257+0000] {logging_mixin.py:188} INFO - [2026-02-23T03:29:19.247+0000] {dagbag.py:348} ERROR - Failed to import: /opt/airflow/dags/s3_to_snowflake.py
Traceback (most recent call last):
  File "/home/airflow/.local/lib/python3.11/site-packages/airflow/models/dagbag.py", line 344, in parse
    loader.exec_module(new_module)
  File "<frozen importlib._bootstrap_external>", line 940, in exec_module
  File "<frozen importlib._bootstrap>", line 241, in _call_with_frames_removed
  File "/opt/airflow/dags/s3_to_snowflake.py", line 12, in <module>
    aws_access_key = os.load_dotenv("AWS_ACCESS_KEY_ID")
                     ^^^^^^^^^^^^^^
AttributeError: module 'os' has no attribute 'load_dotenv'
[2026-02-23T03:29:19.260+0000] {processor.py:842} WARNING - No viable dags retrieved from /opt/airflow/dags/s3_to_snowflake.py
[2026-02-23T03:29:19.286+0000] {processor.py:183} INFO - Processing /opt/airflow/dags/s3_to_snowflake.py took 0.542 seconds
[2026-02-23T03:29:49.621+0000] {processor.py:161} INFO - Started process (PID=210) to work on /opt/airflow/dags/s3_to_snowflake.py
[2026-02-23T03:29:49.622+0000] {processor.py:830} INFO - Processing file /opt/airflow/dags/s3_to_snowflake.py for tasks to queue
[2026-02-23T03:29:49.624+0000] {logging_mixin.py:188} INFO - [2026-02-23T03:29:49.623+0000] {dagbag.py:538} INFO - Filling up the DagBag from /opt/airflow/dags/s3_to_snowflake.py
[2026-02-23T03:29:50.112+0000] {logging_mixin.py:188} INFO - [2026-02-23T03:29:50.101+0000] {dagbag.py:348} ERROR - Failed to import: /opt/airflow/dags/s3_to_snowflake.py
Traceback (most recent call last):
  File "/home/airflow/.local/lib/python3.11/site-packages/airflow/models/dagbag.py", line 344, in parse
    loader.exec_module(new_module)
  File "<frozen importlib._bootstrap_external>", line 940, in exec_module
  File "<frozen importlib._bootstrap>", line 241, in _call_with_frames_removed
  File "/opt/airflow/dags/s3_to_snowflake.py", line 12, in <module>
    aws_access_key = os.load_dotenv("AWS_ACCESS_KEY_ID")
                     ^^^^^^^^^^^^^^
AttributeError: module 'os' has no attribute 'load_dotenv'
[2026-02-23T03:29:50.115+0000] {processor.py:842} WARNING - No viable dags retrieved from /opt/airflow/dags/s3_to_snowflake.py
[2026-02-23T03:29:50.141+0000] {processor.py:183} INFO - Processing /opt/airflow/dags/s3_to_snowflake.py took 0.524 seconds
[2026-02-23T03:30:20.249+0000] {processor.py:161} INFO - Started process (PID=217) to work on /opt/airflow/dags/s3_to_snowflake.py
[2026-02-23T03:30:20.250+0000] {processor.py:830} INFO - Processing file /opt/airflow/dags/s3_to_snowflake.py for tasks to queue
[2026-02-23T03:30:20.252+0000] {logging_mixin.py:188} INFO - [2026-02-23T03:30:20.251+0000] {dagbag.py:538} INFO - Filling up the DagBag from /opt/airflow/dags/s3_to_snowflake.py
[2026-02-23T03:30:20.760+0000] {logging_mixin.py:188} INFO - [2026-02-23T03:30:20.751+0000] {dagbag.py:348} ERROR - Failed to import: /opt/airflow/dags/s3_to_snowflake.py
Traceback (most recent call last):
  File "/home/airflow/.local/lib/python3.11/site-packages/airflow/models/dagbag.py", line 344, in parse
    loader.exec_module(new_module)
  File "<frozen importlib._bootstrap_external>", line 940, in exec_module
  File "<frozen importlib._bootstrap>", line 241, in _call_with_frames_removed
  File "/opt/airflow/dags/s3_to_snowflake.py", line 12, in <module>
    aws_access_key = os.load_dotenv("AWS_ACCESS_KEY_ID")
                     ^^^^^^^^^^^^^^
AttributeError: module 'os' has no attribute 'load_dotenv'
[2026-02-23T03:30:20.763+0000] {processor.py:842} WARNING - No viable dags retrieved from /opt/airflow/dags/s3_to_snowflake.py
[2026-02-23T03:30:20.792+0000] {processor.py:183} INFO - Processing /opt/airflow/dags/s3_to_snowflake.py took 0.546 seconds
[2026-02-23T03:30:51.072+0000] {processor.py:161} INFO - Started process (PID=224) to work on /opt/airflow/dags/s3_to_snowflake.py
[2026-02-23T03:30:51.073+0000] {processor.py:830} INFO - Processing file /opt/airflow/dags/s3_to_snowflake.py for tasks to queue
[2026-02-23T03:30:51.074+0000] {logging_mixin.py:188} INFO - [2026-02-23T03:30:51.074+0000] {dagbag.py:538} INFO - Filling up the DagBag from /opt/airflow/dags/s3_to_snowflake.py
[2026-02-23T03:30:51.594+0000] {logging_mixin.py:188} INFO - [2026-02-23T03:30:51.585+0000] {dagbag.py:348} ERROR - Failed to import: /opt/airflow/dags/s3_to_snowflake.py
Traceback (most recent call last):
  File "/home/airflow/.local/lib/python3.11/site-packages/airflow/models/dagbag.py", line 344, in parse
    loader.exec_module(new_module)
  File "<frozen importlib._bootstrap_external>", line 940, in exec_module
  File "<frozen importlib._bootstrap>", line 241, in _call_with_frames_removed
  File "/opt/airflow/dags/s3_to_snowflake.py", line 12, in <module>
    aws_access_key = os.load_dotenv("AWS_ACCESS_KEY_ID")
                     ^^^^^^^^^^^^^^
AttributeError: module 'os' has no attribute 'load_dotenv'
[2026-02-23T03:30:51.595+0000] {processor.py:842} WARNING - No viable dags retrieved from /opt/airflow/dags/s3_to_snowflake.py
[2026-02-23T03:30:51.625+0000] {processor.py:183} INFO - Processing /opt/airflow/dags/s3_to_snowflake.py took 0.556 seconds
[2026-02-23T03:31:21.854+0000] {processor.py:161} INFO - Started process (PID=231) to work on /opt/airflow/dags/s3_to_snowflake.py
[2026-02-23T03:31:21.855+0000] {processor.py:830} INFO - Processing file /opt/airflow/dags/s3_to_snowflake.py for tasks to queue
[2026-02-23T03:31:21.856+0000] {logging_mixin.py:188} INFO - [2026-02-23T03:31:21.856+0000] {dagbag.py:538} INFO - Filling up the DagBag from /opt/airflow/dags/s3_to_snowflake.py
[2026-02-23T03:31:22.457+0000] {logging_mixin.py:188} INFO - [2026-02-23T03:31:22.447+0000] {dagbag.py:348} ERROR - Failed to import: /opt/airflow/dags/s3_to_snowflake.py
Traceback (most recent call last):
  File "/home/airflow/.local/lib/python3.11/site-packages/airflow/models/dagbag.py", line 344, in parse
    loader.exec_module(new_module)
  File "<frozen importlib._bootstrap_external>", line 940, in exec_module
  File "<frozen importlib._bootstrap>", line 241, in _call_with_frames_removed
  File "/opt/airflow/dags/s3_to_snowflake.py", line 12, in <module>
    aws_access_key = os.load_dotenv("AWS_ACCESS_KEY_ID")
                     ^^^^^^^^^^^^^^
AttributeError: module 'os' has no attribute 'load_dotenv'
[2026-02-23T03:31:22.461+0000] {processor.py:842} WARNING - No viable dags retrieved from /opt/airflow/dags/s3_to_snowflake.py
[2026-02-23T03:31:22.497+0000] {processor.py:183} INFO - Processing /opt/airflow/dags/s3_to_snowflake.py took 0.646 seconds
[2026-02-23T03:31:52.772+0000] {processor.py:161} INFO - Started process (PID=238) to work on /opt/airflow/dags/s3_to_snowflake.py
[2026-02-23T03:31:52.774+0000] {processor.py:830} INFO - Processing file /opt/airflow/dags/s3_to_snowflake.py for tasks to queue
[2026-02-23T03:31:52.775+0000] {logging_mixin.py:188} INFO - [2026-02-23T03:31:52.774+0000] {dagbag.py:538} INFO - Filling up the DagBag from /opt/airflow/dags/s3_to_snowflake.py
[2026-02-23T03:31:53.336+0000] {logging_mixin.py:188} INFO - [2026-02-23T03:31:53.327+0000] {dagbag.py:348} ERROR - Failed to import: /opt/airflow/dags/s3_to_snowflake.py
Traceback (most recent call last):
  File "/home/airflow/.local/lib/python3.11/site-packages/airflow/models/dagbag.py", line 344, in parse
    loader.exec_module(new_module)
  File "<frozen importlib._bootstrap_external>", line 940, in exec_module
  File "<frozen importlib._bootstrap>", line 241, in _call_with_frames_removed
  File "/opt/airflow/dags/s3_to_snowflake.py", line 12, in <module>
    aws_access_key = os.load_dotenv("AWS_ACCESS_KEY_ID")
                     ^^^^^^^^^^^^^^
AttributeError: module 'os' has no attribute 'load_dotenv'
[2026-02-23T03:31:53.339+0000] {processor.py:842} WARNING - No viable dags retrieved from /opt/airflow/dags/s3_to_snowflake.py
[2026-02-23T03:31:53.365+0000] {processor.py:183} INFO - Processing /opt/airflow/dags/s3_to_snowflake.py took 0.596 seconds
[2026-02-23T03:32:23.630+0000] {processor.py:161} INFO - Started process (PID=245) to work on /opt/airflow/dags/s3_to_snowflake.py
[2026-02-23T03:32:23.631+0000] {processor.py:830} INFO - Processing file /opt/airflow/dags/s3_to_snowflake.py for tasks to queue
[2026-02-23T03:32:23.632+0000] {logging_mixin.py:188} INFO - [2026-02-23T03:32:23.632+0000] {dagbag.py:538} INFO - Filling up the DagBag from /opt/airflow/dags/s3_to_snowflake.py
[2026-02-23T03:32:24.184+0000] {logging_mixin.py:188} INFO - [2026-02-23T03:32:24.175+0000] {dagbag.py:348} ERROR - Failed to import: /opt/airflow/dags/s3_to_snowflake.py
Traceback (most recent call last):
  File "/home/airflow/.local/lib/python3.11/site-packages/airflow/models/dagbag.py", line 344, in parse
    loader.exec_module(new_module)
  File "<frozen importlib._bootstrap_external>", line 940, in exec_module
  File "<frozen importlib._bootstrap>", line 241, in _call_with_frames_removed
  File "/opt/airflow/dags/s3_to_snowflake.py", line 12, in <module>
    aws_access_key = os.load_dotenv("AWS_ACCESS_KEY_ID")
                     ^^^^^^^^^^^^^^
AttributeError: module 'os' has no attribute 'load_dotenv'
[2026-02-23T03:32:24.188+0000] {processor.py:842} WARNING - No viable dags retrieved from /opt/airflow/dags/s3_to_snowflake.py
[2026-02-23T03:32:24.215+0000] {processor.py:183} INFO - Processing /opt/airflow/dags/s3_to_snowflake.py took 0.589 seconds
[2026-02-23T03:32:54.559+0000] {processor.py:161} INFO - Started process (PID=252) to work on /opt/airflow/dags/s3_to_snowflake.py
[2026-02-23T03:32:54.560+0000] {processor.py:830} INFO - Processing file /opt/airflow/dags/s3_to_snowflake.py for tasks to queue
[2026-02-23T03:32:54.562+0000] {logging_mixin.py:188} INFO - [2026-02-23T03:32:54.562+0000] {dagbag.py:538} INFO - Filling up the DagBag from /opt/airflow/dags/s3_to_snowflake.py
[2026-02-23T03:32:55.069+0000] {logging_mixin.py:188} INFO - [2026-02-23T03:32:55.056+0000] {dagbag.py:348} ERROR - Failed to import: /opt/airflow/dags/s3_to_snowflake.py
Traceback (most recent call last):
  File "/home/airflow/.local/lib/python3.11/site-packages/airflow/models/dagbag.py", line 344, in parse
    loader.exec_module(new_module)
  File "<frozen importlib._bootstrap_external>", line 940, in exec_module
  File "<frozen importlib._bootstrap>", line 241, in _call_with_frames_removed
  File "/opt/airflow/dags/s3_to_snowflake.py", line 12, in <module>
    aws_access_key = os.load_dotenv("AWS_ACCESS_KEY_ID")
                     ^^^^^^^^^^^^^^
AttributeError: module 'os' has no attribute 'load_dotenv'
[2026-02-23T03:32:55.074+0000] {processor.py:842} WARNING - No viable dags retrieved from /opt/airflow/dags/s3_to_snowflake.py
[2026-02-23T03:32:55.103+0000] {processor.py:183} INFO - Processing /opt/airflow/dags/s3_to_snowflake.py took 0.547 seconds
[2026-02-23T03:33:25.368+0000] {processor.py:161} INFO - Started process (PID=259) to work on /opt/airflow/dags/s3_to_snowflake.py
[2026-02-23T03:33:25.369+0000] {processor.py:830} INFO - Processing file /opt/airflow/dags/s3_to_snowflake.py for tasks to queue
[2026-02-23T03:33:25.370+0000] {logging_mixin.py:188} INFO - [2026-02-23T03:33:25.370+0000] {dagbag.py:538} INFO - Filling up the DagBag from /opt/airflow/dags/s3_to_snowflake.py
[2026-02-23T03:33:25.971+0000] {logging_mixin.py:188} INFO - [2026-02-23T03:33:25.964+0000] {dagbag.py:348} ERROR - Failed to import: /opt/airflow/dags/s3_to_snowflake.py
Traceback (most recent call last):
  File "/home/airflow/.local/lib/python3.11/site-packages/airflow/models/dagbag.py", line 344, in parse
    loader.exec_module(new_module)
  File "<frozen importlib._bootstrap_external>", line 940, in exec_module
  File "<frozen importlib._bootstrap>", line 241, in _call_with_frames_removed
  File "/opt/airflow/dags/s3_to_snowflake.py", line 12, in <module>
    aws_access_key = os.load_dotenv("AWS_ACCESS_KEY_ID")
                     ^^^^^^^^^^^^^^
AttributeError: module 'os' has no attribute 'load_dotenv'
[2026-02-23T03:33:25.973+0000] {processor.py:842} WARNING - No viable dags retrieved from /opt/airflow/dags/s3_to_snowflake.py
[2026-02-23T03:33:25.997+0000] {processor.py:183} INFO - Processing /opt/airflow/dags/s3_to_snowflake.py took 0.634 seconds
[2026-02-23T03:33:50.223+0000] {processor.py:161} INFO - Started process (PID=266) to work on /opt/airflow/dags/s3_to_snowflake.py
[2026-02-23T03:33:50.224+0000] {processor.py:830} INFO - Processing file /opt/airflow/dags/s3_to_snowflake.py for tasks to queue
[2026-02-23T03:33:50.225+0000] {logging_mixin.py:188} INFO - [2026-02-23T03:33:50.225+0000] {dagbag.py:538} INFO - Filling up the DagBag from /opt/airflow/dags/s3_to_snowflake.py
[2026-02-23T03:33:50.734+0000] {logging_mixin.py:188} INFO - [2026-02-23T03:33:50.724+0000] {dagbag.py:348} ERROR - Failed to import: /opt/airflow/dags/s3_to_snowflake.py
Traceback (most recent call last):
  File "/home/airflow/.local/lib/python3.11/site-packages/airflow/models/dagbag.py", line 344, in parse
    loader.exec_module(new_module)
  File "<frozen importlib._bootstrap_external>", line 940, in exec_module
  File "<frozen importlib._bootstrap>", line 241, in _call_with_frames_removed
  File "/opt/airflow/dags/s3_to_snowflake.py", line 90, in <module>
    task2 = PythonOperator(
            ^^^^^^^^^^^^^^^
  File "/home/airflow/.local/lib/python3.11/site-packages/airflow/models/baseoperator.py", line 437, in apply_defaults
    result = func(self, **kwargs, default_args=default_args)
             ^^^^^^^^^^^^^^^^^^^^^^^^^^^^^^^^^^^^^^^^^^^^^^^
  File "/home/airflow/.local/lib/python3.11/site-packages/airflow/operators/python.py", line 186, in __init__
    raise AirflowException("`python_callable` param must be callable")
airflow.exceptions.AirflowException: `python_callable` param must be callable
[2026-02-23T03:33:50.735+0000] {processor.py:842} WARNING - No viable dags retrieved from /opt/airflow/dags/s3_to_snowflake.py
[2026-02-23T03:33:50.763+0000] {processor.py:183} INFO - Processing /opt/airflow/dags/s3_to_snowflake.py took 0.544 seconds
[2026-02-23T03:34:21.036+0000] {processor.py:161} INFO - Started process (PID=273) to work on /opt/airflow/dags/s3_to_snowflake.py
[2026-02-23T03:34:21.037+0000] {processor.py:830} INFO - Processing file /opt/airflow/dags/s3_to_snowflake.py for tasks to queue
[2026-02-23T03:34:21.038+0000] {logging_mixin.py:188} INFO - [2026-02-23T03:34:21.038+0000] {dagbag.py:538} INFO - Filling up the DagBag from /opt/airflow/dags/s3_to_snowflake.py
[2026-02-23T03:34:21.621+0000] {logging_mixin.py:188} INFO - [2026-02-23T03:34:21.612+0000] {dagbag.py:348} ERROR - Failed to import: /opt/airflow/dags/s3_to_snowflake.py
Traceback (most recent call last):
  File "/home/airflow/.local/lib/python3.11/site-packages/airflow/models/dagbag.py", line 344, in parse
    loader.exec_module(new_module)
  File "<frozen importlib._bootstrap_external>", line 940, in exec_module
  File "<frozen importlib._bootstrap>", line 241, in _call_with_frames_removed
  File "/opt/airflow/dags/s3_to_snowflake.py", line 90, in <module>
    task2 = PythonOperator(
            ^^^^^^^^^^^^^^^
  File "/home/airflow/.local/lib/python3.11/site-packages/airflow/models/baseoperator.py", line 437, in apply_defaults
    result = func(self, **kwargs, default_args=default_args)
             ^^^^^^^^^^^^^^^^^^^^^^^^^^^^^^^^^^^^^^^^^^^^^^^
  File "/home/airflow/.local/lib/python3.11/site-packages/airflow/operators/python.py", line 186, in __init__
    raise AirflowException("`python_callable` param must be callable")
airflow.exceptions.AirflowException: `python_callable` param must be callable
[2026-02-23T03:34:21.622+0000] {processor.py:842} WARNING - No viable dags retrieved from /opt/airflow/dags/s3_to_snowflake.py
[2026-02-23T03:34:21.654+0000] {processor.py:183} INFO - Processing /opt/airflow/dags/s3_to_snowflake.py took 0.622 seconds
[2026-02-23T03:34:51.956+0000] {processor.py:161} INFO - Started process (PID=280) to work on /opt/airflow/dags/s3_to_snowflake.py
[2026-02-23T03:34:51.957+0000] {processor.py:830} INFO - Processing file /opt/airflow/dags/s3_to_snowflake.py for tasks to queue
[2026-02-23T03:34:51.959+0000] {logging_mixin.py:188} INFO - [2026-02-23T03:34:51.959+0000] {dagbag.py:538} INFO - Filling up the DagBag from /opt/airflow/dags/s3_to_snowflake.py
[2026-02-23T03:34:52.539+0000] {logging_mixin.py:188} INFO - [2026-02-23T03:34:52.532+0000] {dagbag.py:348} ERROR - Failed to import: /opt/airflow/dags/s3_to_snowflake.py
Traceback (most recent call last):
  File "/home/airflow/.local/lib/python3.11/site-packages/airflow/models/dagbag.py", line 344, in parse
    loader.exec_module(new_module)
  File "<frozen importlib._bootstrap_external>", line 940, in exec_module
  File "<frozen importlib._bootstrap>", line 241, in _call_with_frames_removed
  File "/opt/airflow/dags/s3_to_snowflake.py", line 90, in <module>
    task2 = PythonOperator(
            ^^^^^^^^^^^^^^^
  File "/home/airflow/.local/lib/python3.11/site-packages/airflow/models/baseoperator.py", line 437, in apply_defaults
    result = func(self, **kwargs, default_args=default_args)
             ^^^^^^^^^^^^^^^^^^^^^^^^^^^^^^^^^^^^^^^^^^^^^^^
  File "/home/airflow/.local/lib/python3.11/site-packages/airflow/operators/python.py", line 186, in __init__
    raise AirflowException("`python_callable` param must be callable")
airflow.exceptions.AirflowException: `python_callable` param must be callable
[2026-02-23T03:34:52.541+0000] {processor.py:842} WARNING - No viable dags retrieved from /opt/airflow/dags/s3_to_snowflake.py
[2026-02-23T03:34:52.568+0000] {processor.py:183} INFO - Processing /opt/airflow/dags/s3_to_snowflake.py took 0.616 seconds
[2026-02-23T03:35:22.860+0000] {processor.py:161} INFO - Started process (PID=287) to work on /opt/airflow/dags/s3_to_snowflake.py
[2026-02-23T03:35:22.864+0000] {processor.py:830} INFO - Processing file /opt/airflow/dags/s3_to_snowflake.py for tasks to queue
[2026-02-23T03:35:22.866+0000] {logging_mixin.py:188} INFO - [2026-02-23T03:35:22.865+0000] {dagbag.py:538} INFO - Filling up the DagBag from /opt/airflow/dags/s3_to_snowflake.py
[2026-02-23T03:35:24.454+0000] {logging_mixin.py:188} INFO - [2026-02-23T03:35:24.440+0000] {dagbag.py:348} ERROR - Failed to import: /opt/airflow/dags/s3_to_snowflake.py
Traceback (most recent call last):
  File "/home/airflow/.local/lib/python3.11/site-packages/airflow/models/dagbag.py", line 344, in parse
    loader.exec_module(new_module)
  File "<frozen importlib._bootstrap_external>", line 940, in exec_module
  File "<frozen importlib._bootstrap>", line 241, in _call_with_frames_removed
  File "/opt/airflow/dags/s3_to_snowflake.py", line 90, in <module>
    task2 = PythonOperator(
            ^^^^^^^^^^^^^^^
  File "/home/airflow/.local/lib/python3.11/site-packages/airflow/models/baseoperator.py", line 437, in apply_defaults
    result = func(self, **kwargs, default_args=default_args)
             ^^^^^^^^^^^^^^^^^^^^^^^^^^^^^^^^^^^^^^^^^^^^^^^
  File "/home/airflow/.local/lib/python3.11/site-packages/airflow/operators/python.py", line 186, in __init__
    raise AirflowException("`python_callable` param must be callable")
airflow.exceptions.AirflowException: `python_callable` param must be callable
[2026-02-23T03:35:24.456+0000] {processor.py:842} WARNING - No viable dags retrieved from /opt/airflow/dags/s3_to_snowflake.py
[2026-02-23T03:35:24.507+0000] {processor.py:183} INFO - Processing /opt/airflow/dags/s3_to_snowflake.py took 1.655 seconds
[2026-02-23T03:35:52.739+0000] {processor.py:161} INFO - Started process (PID=294) to work on /opt/airflow/dags/s3_to_snowflake.py
[2026-02-23T03:35:52.742+0000] {processor.py:830} INFO - Processing file /opt/airflow/dags/s3_to_snowflake.py for tasks to queue
[2026-02-23T03:35:52.743+0000] {logging_mixin.py:188} INFO - [2026-02-23T03:35:52.742+0000] {dagbag.py:538} INFO - Filling up the DagBag from /opt/airflow/dags/s3_to_snowflake.py
[2026-02-23T03:35:53.270+0000] {logging_mixin.py:188} INFO - [2026-02-23T03:35:53.262+0000] {dagbag.py:348} ERROR - Failed to import: /opt/airflow/dags/s3_to_snowflake.py
Traceback (most recent call last):
  File "/home/airflow/.local/lib/python3.11/site-packages/airflow/models/dagbag.py", line 344, in parse
    loader.exec_module(new_module)
  File "<frozen importlib._bootstrap_external>", line 940, in exec_module
  File "<frozen importlib._bootstrap>", line 241, in _call_with_frames_removed
  File "/opt/airflow/dags/s3_to_snowflake.py", line 91, in <module>
    task2 = PythonOperator(
            ^^^^^^^^^^^^^^^
  File "/home/airflow/.local/lib/python3.11/site-packages/airflow/models/baseoperator.py", line 437, in apply_defaults
    result = func(self, **kwargs, default_args=default_args)
             ^^^^^^^^^^^^^^^^^^^^^^^^^^^^^^^^^^^^^^^^^^^^^^^
  File "/home/airflow/.local/lib/python3.11/site-packages/airflow/operators/python.py", line 186, in __init__
    raise AirflowException("`python_callable` param must be callable")
airflow.exceptions.AirflowException: `python_callable` param must be callable
[2026-02-23T03:35:53.271+0000] {processor.py:842} WARNING - No viable dags retrieved from /opt/airflow/dags/s3_to_snowflake.py
[2026-02-23T03:35:53.298+0000] {processor.py:183} INFO - Processing /opt/airflow/dags/s3_to_snowflake.py took 0.563 seconds
[2026-02-23T03:36:23.544+0000] {processor.py:161} INFO - Started process (PID=301) to work on /opt/airflow/dags/s3_to_snowflake.py
[2026-02-23T03:36:23.545+0000] {processor.py:830} INFO - Processing file /opt/airflow/dags/s3_to_snowflake.py for tasks to queue
[2026-02-23T03:36:23.546+0000] {logging_mixin.py:188} INFO - [2026-02-23T03:36:23.546+0000] {dagbag.py:538} INFO - Filling up the DagBag from /opt/airflow/dags/s3_to_snowflake.py
[2026-02-23T03:36:24.112+0000] {logging_mixin.py:188} INFO - [2026-02-23T03:36:24.103+0000] {dagbag.py:348} ERROR - Failed to import: /opt/airflow/dags/s3_to_snowflake.py
Traceback (most recent call last):
  File "/home/airflow/.local/lib/python3.11/site-packages/airflow/models/dagbag.py", line 344, in parse
    loader.exec_module(new_module)
  File "<frozen importlib._bootstrap_external>", line 940, in exec_module
  File "<frozen importlib._bootstrap>", line 241, in _call_with_frames_removed
  File "/opt/airflow/dags/s3_to_snowflake.py", line 91, in <module>
    task2 = PythonOperator(
            ^^^^^^^^^^^^^^^
  File "/home/airflow/.local/lib/python3.11/site-packages/airflow/models/baseoperator.py", line 437, in apply_defaults
    result = func(self, **kwargs, default_args=default_args)
             ^^^^^^^^^^^^^^^^^^^^^^^^^^^^^^^^^^^^^^^^^^^^^^^
  File "/home/airflow/.local/lib/python3.11/site-packages/airflow/operators/python.py", line 186, in __init__
    raise AirflowException("`python_callable` param must be callable")
airflow.exceptions.AirflowException: `python_callable` param must be callable
[2026-02-23T03:36:24.113+0000] {processor.py:842} WARNING - No viable dags retrieved from /opt/airflow/dags/s3_to_snowflake.py
[2026-02-23T03:36:24.142+0000] {processor.py:183} INFO - Processing /opt/airflow/dags/s3_to_snowflake.py took 0.602 seconds
[2026-02-23T03:36:43.146+0000] {processor.py:161} INFO - Started process (PID=308) to work on /opt/airflow/dags/s3_to_snowflake.py
[2026-02-23T03:36:43.147+0000] {processor.py:830} INFO - Processing file /opt/airflow/dags/s3_to_snowflake.py for tasks to queue
[2026-02-23T03:36:43.149+0000] {logging_mixin.py:188} INFO - [2026-02-23T03:36:43.148+0000] {dagbag.py:538} INFO - Filling up the DagBag from /opt/airflow/dags/s3_to_snowflake.py
[2026-02-23T03:36:43.803+0000] {logging_mixin.py:188} INFO - [2026-02-23T03:36:43.793+0000] {dagbag.py:348} ERROR - Failed to import: /opt/airflow/dags/s3_to_snowflake.py
Traceback (most recent call last):
  File "/home/airflow/.local/lib/python3.11/site-packages/airflow/models/dagbag.py", line 344, in parse
    loader.exec_module(new_module)
  File "<frozen importlib._bootstrap_external>", line 940, in exec_module
  File "<frozen importlib._bootstrap>", line 241, in _call_with_frames_removed
  File "/opt/airflow/dags/s3_to_snowflake.py", line 87, in <module>
    task1 = PythonOperator(
            ^^^^^^^^^^^^^^^
  File "/home/airflow/.local/lib/python3.11/site-packages/airflow/models/baseoperator.py", line 437, in apply_defaults
    result = func(self, **kwargs, default_args=default_args)
             ^^^^^^^^^^^^^^^^^^^^^^^^^^^^^^^^^^^^^^^^^^^^^^^
  File "/home/airflow/.local/lib/python3.11/site-packages/airflow/operators/python.py", line 186, in __init__
    raise AirflowException("`python_callable` param must be callable")
airflow.exceptions.AirflowException: `python_callable` param must be callable
[2026-02-23T03:36:43.804+0000] {processor.py:842} WARNING - No viable dags retrieved from /opt/airflow/dags/s3_to_snowflake.py
[2026-02-23T03:36:43.838+0000] {processor.py:183} INFO - Processing /opt/airflow/dags/s3_to_snowflake.py took 0.696 seconds
[2026-02-23T03:37:14.138+0000] {processor.py:161} INFO - Started process (PID=315) to work on /opt/airflow/dags/s3_to_snowflake.py
[2026-02-23T03:37:14.139+0000] {processor.py:830} INFO - Processing file /opt/airflow/dags/s3_to_snowflake.py for tasks to queue
[2026-02-23T03:37:14.140+0000] {logging_mixin.py:188} INFO - [2026-02-23T03:37:14.140+0000] {dagbag.py:538} INFO - Filling up the DagBag from /opt/airflow/dags/s3_to_snowflake.py
[2026-02-23T03:37:14.644+0000] {logging_mixin.py:188} INFO - [2026-02-23T03:37:14.632+0000] {dagbag.py:348} ERROR - Failed to import: /opt/airflow/dags/s3_to_snowflake.py
Traceback (most recent call last):
  File "/home/airflow/.local/lib/python3.11/site-packages/airflow/models/dagbag.py", line 344, in parse
    loader.exec_module(new_module)
  File "<frozen importlib._bootstrap_external>", line 940, in exec_module
  File "<frozen importlib._bootstrap>", line 241, in _call_with_frames_removed
  File "/opt/airflow/dags/s3_to_snowflake.py", line 87, in <module>
    task1 = PythonOperator(
            ^^^^^^^^^^^^^^^
  File "/home/airflow/.local/lib/python3.11/site-packages/airflow/models/baseoperator.py", line 437, in apply_defaults
    result = func(self, **kwargs, default_args=default_args)
             ^^^^^^^^^^^^^^^^^^^^^^^^^^^^^^^^^^^^^^^^^^^^^^^
  File "/home/airflow/.local/lib/python3.11/site-packages/airflow/operators/python.py", line 186, in __init__
    raise AirflowException("`python_callable` param must be callable")
airflow.exceptions.AirflowException: `python_callable` param must be callable
[2026-02-23T03:37:14.645+0000] {processor.py:842} WARNING - No viable dags retrieved from /opt/airflow/dags/s3_to_snowflake.py
[2026-02-23T03:37:14.675+0000] {processor.py:183} INFO - Processing /opt/airflow/dags/s3_to_snowflake.py took 0.540 seconds
[2026-02-23T03:37:44.862+0000] {processor.py:161} INFO - Started process (PID=322) to work on /opt/airflow/dags/s3_to_snowflake.py
[2026-02-23T03:37:44.863+0000] {processor.py:830} INFO - Processing file /opt/airflow/dags/s3_to_snowflake.py for tasks to queue
[2026-02-23T03:37:44.864+0000] {logging_mixin.py:188} INFO - [2026-02-23T03:37:44.864+0000] {dagbag.py:538} INFO - Filling up the DagBag from /opt/airflow/dags/s3_to_snowflake.py
[2026-02-23T03:37:45.368+0000] {logging_mixin.py:188} INFO - [2026-02-23T03:37:45.357+0000] {dagbag.py:348} ERROR - Failed to import: /opt/airflow/dags/s3_to_snowflake.py
Traceback (most recent call last):
  File "/home/airflow/.local/lib/python3.11/site-packages/airflow/models/dagbag.py", line 344, in parse
    loader.exec_module(new_module)
  File "<frozen importlib._bootstrap_external>", line 940, in exec_module
  File "<frozen importlib._bootstrap>", line 241, in _call_with_frames_removed
  File "/opt/airflow/dags/s3_to_snowflake.py", line 87, in <module>
    task1 = PythonOperator(
            ^^^^^^^^^^^^^^^
  File "/home/airflow/.local/lib/python3.11/site-packages/airflow/models/baseoperator.py", line 437, in apply_defaults
    result = func(self, **kwargs, default_args=default_args)
             ^^^^^^^^^^^^^^^^^^^^^^^^^^^^^^^^^^^^^^^^^^^^^^^
  File "/home/airflow/.local/lib/python3.11/site-packages/airflow/operators/python.py", line 186, in __init__
    raise AirflowException("`python_callable` param must be callable")
airflow.exceptions.AirflowException: `python_callable` param must be callable
[2026-02-23T03:37:45.369+0000] {processor.py:842} WARNING - No viable dags retrieved from /opt/airflow/dags/s3_to_snowflake.py
[2026-02-23T03:37:45.404+0000] {processor.py:183} INFO - Processing /opt/airflow/dags/s3_to_snowflake.py took 0.545 seconds
[2026-02-23T03:38:15.689+0000] {processor.py:161} INFO - Started process (PID=329) to work on /opt/airflow/dags/s3_to_snowflake.py
[2026-02-23T03:38:15.690+0000] {processor.py:830} INFO - Processing file /opt/airflow/dags/s3_to_snowflake.py for tasks to queue
[2026-02-23T03:38:15.692+0000] {logging_mixin.py:188} INFO - [2026-02-23T03:38:15.691+0000] {dagbag.py:538} INFO - Filling up the DagBag from /opt/airflow/dags/s3_to_snowflake.py
[2026-02-23T03:38:16.217+0000] {logging_mixin.py:188} INFO - [2026-02-23T03:38:16.207+0000] {dagbag.py:348} ERROR - Failed to import: /opt/airflow/dags/s3_to_snowflake.py
Traceback (most recent call last):
  File "/home/airflow/.local/lib/python3.11/site-packages/airflow/models/dagbag.py", line 344, in parse
    loader.exec_module(new_module)
  File "<frozen importlib._bootstrap_external>", line 940, in exec_module
  File "<frozen importlib._bootstrap>", line 241, in _call_with_frames_removed
  File "/opt/airflow/dags/s3_to_snowflake.py", line 87, in <module>
    task1 = PythonOperator(
            ^^^^^^^^^^^^^^^
  File "/home/airflow/.local/lib/python3.11/site-packages/airflow/models/baseoperator.py", line 437, in apply_defaults
    result = func(self, **kwargs, default_args=default_args)
             ^^^^^^^^^^^^^^^^^^^^^^^^^^^^^^^^^^^^^^^^^^^^^^^
  File "/home/airflow/.local/lib/python3.11/site-packages/airflow/operators/python.py", line 186, in __init__
    raise AirflowException("`python_callable` param must be callable")
airflow.exceptions.AirflowException: `python_callable` param must be callable
[2026-02-23T03:38:16.218+0000] {processor.py:842} WARNING - No viable dags retrieved from /opt/airflow/dags/s3_to_snowflake.py
[2026-02-23T03:38:16.245+0000] {processor.py:183} INFO - Processing /opt/airflow/dags/s3_to_snowflake.py took 0.560 seconds
[2026-02-23T03:38:46.454+0000] {processor.py:161} INFO - Started process (PID=336) to work on /opt/airflow/dags/s3_to_snowflake.py
[2026-02-23T03:38:46.455+0000] {processor.py:830} INFO - Processing file /opt/airflow/dags/s3_to_snowflake.py for tasks to queue
[2026-02-23T03:38:46.457+0000] {logging_mixin.py:188} INFO - [2026-02-23T03:38:46.456+0000] {dagbag.py:538} INFO - Filling up the DagBag from /opt/airflow/dags/s3_to_snowflake.py
[2026-02-23T03:38:46.967+0000] {logging_mixin.py:188} INFO - [2026-02-23T03:38:46.958+0000] {dagbag.py:348} ERROR - Failed to import: /opt/airflow/dags/s3_to_snowflake.py
Traceback (most recent call last):
  File "/home/airflow/.local/lib/python3.11/site-packages/airflow/models/dagbag.py", line 344, in parse
    loader.exec_module(new_module)
  File "<frozen importlib._bootstrap_external>", line 940, in exec_module
  File "<frozen importlib._bootstrap>", line 241, in _call_with_frames_removed
  File "/opt/airflow/dags/s3_to_snowflake.py", line 87, in <module>
    task1 = PythonOperator(
            ^^^^^^^^^^^^^^^
  File "/home/airflow/.local/lib/python3.11/site-packages/airflow/models/baseoperator.py", line 437, in apply_defaults
    result = func(self, **kwargs, default_args=default_args)
             ^^^^^^^^^^^^^^^^^^^^^^^^^^^^^^^^^^^^^^^^^^^^^^^
  File "/home/airflow/.local/lib/python3.11/site-packages/airflow/operators/python.py", line 186, in __init__
    raise AirflowException("`python_callable` param must be callable")
airflow.exceptions.AirflowException: `python_callable` param must be callable
[2026-02-23T03:38:46.968+0000] {processor.py:842} WARNING - No viable dags retrieved from /opt/airflow/dags/s3_to_snowflake.py
[2026-02-23T03:38:46.994+0000] {processor.py:183} INFO - Processing /opt/airflow/dags/s3_to_snowflake.py took 0.544 seconds
[2026-02-23T03:38:58.627+0000] {processor.py:161} INFO - Started process (PID=343) to work on /opt/airflow/dags/s3_to_snowflake.py
[2026-02-23T03:38:58.628+0000] {processor.py:830} INFO - Processing file /opt/airflow/dags/s3_to_snowflake.py for tasks to queue
[2026-02-23T03:38:58.630+0000] {logging_mixin.py:188} INFO - [2026-02-23T03:38:58.629+0000] {dagbag.py:538} INFO - Filling up the DagBag from /opt/airflow/dags/s3_to_snowflake.py
[2026-02-23T03:38:59.200+0000] {processor.py:840} INFO - DAG(s) 's3_to_snowflake' retrieved from /opt/airflow/dags/s3_to_snowflake.py
[2026-02-23T03:39:00.122+0000] {logging_mixin.py:188} INFO - [2026-02-23T03:39:00.121+0000] {override.py:1769} INFO - Created Permission View: can read on DAG:s3_to_snowflake
[2026-02-23T03:39:00.136+0000] {logging_mixin.py:188} INFO - [2026-02-23T03:39:00.136+0000] {override.py:1769} INFO - Created Permission View: can edit on DAG:s3_to_snowflake
[2026-02-23T03:39:00.146+0000] {logging_mixin.py:188} INFO - [2026-02-23T03:39:00.146+0000] {override.py:1769} INFO - Created Permission View: can delete on DAG:s3_to_snowflake
[2026-02-23T03:39:00.148+0000] {logging_mixin.py:188} INFO - [2026-02-23T03:39:00.147+0000] {dag.py:3036} INFO - Sync 1 DAGs
[2026-02-23T03:39:00.160+0000] {logging_mixin.py:188} INFO - [2026-02-23T03:39:00.160+0000] {dag.py:3058} INFO - Creating ORM DAG for s3_to_snowflake
[2026-02-23T03:39:00.179+0000] {logging_mixin.py:188} INFO - [2026-02-23T03:39:00.179+0000] {dag.py:3823} INFO - Setting next_dagrun for s3_to_snowflake to 2026-02-23 03:38:00+00:00, run_after=2026-02-23 03:39:00+00:00
[2026-02-23T03:39:00.212+0000] {processor.py:183} INFO - Processing /opt/airflow/dags/s3_to_snowflake.py took 1.590 seconds
[2026-02-23T03:39:30.380+0000] {processor.py:161} INFO - Started process (PID=350) to work on /opt/airflow/dags/s3_to_snowflake.py
[2026-02-23T03:39:30.382+0000] {processor.py:830} INFO - Processing file /opt/airflow/dags/s3_to_snowflake.py for tasks to queue
[2026-02-23T03:39:30.384+0000] {logging_mixin.py:188} INFO - [2026-02-23T03:39:30.383+0000] {dagbag.py:538} INFO - Filling up the DagBag from /opt/airflow/dags/s3_to_snowflake.py
[2026-02-23T03:39:31.181+0000] {processor.py:840} INFO - DAG(s) 's3_to_snowflake' retrieved from /opt/airflow/dags/s3_to_snowflake.py
[2026-02-23T03:39:31.647+0000] {logging_mixin.py:188} INFO - [2026-02-23T03:39:31.645+0000] {dag.py:3036} INFO - Sync 1 DAGs
[2026-02-23T03:39:31.704+0000] {logging_mixin.py:188} INFO - [2026-02-23T03:39:31.704+0000] {dag.py:3823} INFO - Setting next_dagrun for s3_to_snowflake to 2026-02-23 03:38:00+00:00, run_after=2026-02-23 03:39:00+00:00
[2026-02-23T03:39:31.755+0000] {processor.py:183} INFO - Processing /opt/airflow/dags/s3_to_snowflake.py took 1.379 seconds
[2026-02-23T03:40:02.118+0000] {processor.py:161} INFO - Started process (PID=357) to work on /opt/airflow/dags/s3_to_snowflake.py
[2026-02-23T03:40:02.121+0000] {processor.py:830} INFO - Processing file /opt/airflow/dags/s3_to_snowflake.py for tasks to queue
[2026-02-23T03:40:02.124+0000] {logging_mixin.py:188} INFO - [2026-02-23T03:40:02.123+0000] {dagbag.py:538} INFO - Filling up the DagBag from /opt/airflow/dags/s3_to_snowflake.py
[2026-02-23T03:40:03.437+0000] {processor.py:840} INFO - DAG(s) 's3_to_snowflake' retrieved from /opt/airflow/dags/s3_to_snowflake.py
[2026-02-23T03:40:03.508+0000] {logging_mixin.py:188} INFO - [2026-02-23T03:40:03.507+0000] {dag.py:3036} INFO - Sync 1 DAGs
[2026-02-23T03:40:03.577+0000] {logging_mixin.py:188} INFO - [2026-02-23T03:40:03.577+0000] {dag.py:3823} INFO - Setting next_dagrun for s3_to_snowflake to 2026-02-23 03:39:00+00:00, run_after=2026-02-23 03:40:00+00:00
[2026-02-23T03:40:03.642+0000] {processor.py:183} INFO - Processing /opt/airflow/dags/s3_to_snowflake.py took 1.531 seconds
[2026-02-23T03:40:33.975+0000] {processor.py:161} INFO - Started process (PID=372) to work on /opt/airflow/dags/s3_to_snowflake.py
[2026-02-23T03:40:33.977+0000] {processor.py:830} INFO - Processing file /opt/airflow/dags/s3_to_snowflake.py for tasks to queue
[2026-02-23T03:40:33.979+0000] {logging_mixin.py:188} INFO - [2026-02-23T03:40:33.978+0000] {dagbag.py:538} INFO - Filling up the DagBag from /opt/airflow/dags/s3_to_snowflake.py
[2026-02-23T03:40:35.135+0000] {processor.py:840} INFO - DAG(s) 's3_to_snowflake' retrieved from /opt/airflow/dags/s3_to_snowflake.py
[2026-02-23T03:40:35.189+0000] {logging_mixin.py:188} INFO - [2026-02-23T03:40:35.188+0000] {dag.py:3036} INFO - Sync 1 DAGs
[2026-02-23T03:40:35.236+0000] {logging_mixin.py:188} INFO - [2026-02-23T03:40:35.236+0000] {dag.py:3823} INFO - Setting next_dagrun for s3_to_snowflake to 2026-02-23 03:40:00+00:00, run_after=2026-02-23 03:41:00+00:00
[2026-02-23T03:40:35.275+0000] {processor.py:183} INFO - Processing /opt/airflow/dags/s3_to_snowflake.py took 1.310 seconds
[2026-02-23T03:41:05.547+0000] {processor.py:161} INFO - Started process (PID=383) to work on /opt/airflow/dags/s3_to_snowflake.py
[2026-02-23T03:41:05.549+0000] {processor.py:830} INFO - Processing file /opt/airflow/dags/s3_to_snowflake.py for tasks to queue
[2026-02-23T03:41:05.550+0000] {logging_mixin.py:188} INFO - [2026-02-23T03:41:05.550+0000] {dagbag.py:538} INFO - Filling up the DagBag from /opt/airflow/dags/s3_to_snowflake.py
[2026-02-23T03:41:06.218+0000] {processor.py:840} INFO - DAG(s) 's3_to_snowflake' retrieved from /opt/airflow/dags/s3_to_snowflake.py
[2026-02-23T03:41:06.258+0000] {logging_mixin.py:188} INFO - [2026-02-23T03:41:06.257+0000] {dag.py:3036} INFO - Sync 1 DAGs
[2026-02-23T03:41:06.505+0000] {logging_mixin.py:188} INFO - [2026-02-23T03:41:06.504+0000] {dag.py:3823} INFO - Setting next_dagrun for s3_to_snowflake to 2026-02-23 03:41:00+00:00, run_after=2026-02-23 03:42:00+00:00
[2026-02-23T03:41:06.533+0000] {processor.py:183} INFO - Processing /opt/airflow/dags/s3_to_snowflake.py took 0.990 seconds
[2026-02-23T03:41:36.779+0000] {processor.py:161} INFO - Started process (PID=390) to work on /opt/airflow/dags/s3_to_snowflake.py
[2026-02-23T03:41:36.780+0000] {processor.py:830} INFO - Processing file /opt/airflow/dags/s3_to_snowflake.py for tasks to queue
[2026-02-23T03:41:36.782+0000] {logging_mixin.py:188} INFO - [2026-02-23T03:41:36.781+0000] {dagbag.py:538} INFO - Filling up the DagBag from /opt/airflow/dags/s3_to_snowflake.py
[2026-02-23T03:41:37.261+0000] {processor.py:840} INFO - DAG(s) 's3_to_snowflake' retrieved from /opt/airflow/dags/s3_to_snowflake.py
[2026-02-23T03:41:37.291+0000] {logging_mixin.py:188} INFO - [2026-02-23T03:41:37.290+0000] {dag.py:3036} INFO - Sync 1 DAGs
[2026-02-23T03:41:37.467+0000] {logging_mixin.py:188} INFO - [2026-02-23T03:41:37.467+0000] {dag.py:3823} INFO - Setting next_dagrun for s3_to_snowflake to 2026-02-23 03:41:00+00:00, run_after=2026-02-23 03:42:00+00:00
[2026-02-23T03:41:37.495+0000] {processor.py:183} INFO - Processing /opt/airflow/dags/s3_to_snowflake.py took 0.718 seconds
[2026-02-23T03:42:07.772+0000] {processor.py:161} INFO - Started process (PID=401) to work on /opt/airflow/dags/s3_to_snowflake.py
[2026-02-23T03:42:07.774+0000] {processor.py:830} INFO - Processing file /opt/airflow/dags/s3_to_snowflake.py for tasks to queue
[2026-02-23T03:42:07.776+0000] {logging_mixin.py:188} INFO - [2026-02-23T03:42:07.776+0000] {dagbag.py:538} INFO - Filling up the DagBag from /opt/airflow/dags/s3_to_snowflake.py
[2026-02-23T03:42:08.768+0000] {processor.py:840} INFO - DAG(s) 's3_to_snowflake' retrieved from /opt/airflow/dags/s3_to_snowflake.py
[2026-02-23T03:42:09.210+0000] {logging_mixin.py:188} INFO - [2026-02-23T03:42:09.209+0000] {dag.py:3036} INFO - Sync 1 DAGs
[2026-02-23T03:42:09.257+0000] {logging_mixin.py:188} INFO - [2026-02-23T03:42:09.256+0000] {dag.py:3823} INFO - Setting next_dagrun for s3_to_snowflake to 2026-02-23 03:42:00+00:00, run_after=2026-02-23 03:43:00+00:00
[2026-02-23T03:42:09.296+0000] {processor.py:183} INFO - Processing /opt/airflow/dags/s3_to_snowflake.py took 1.528 seconds
[2026-02-23T03:42:39.586+0000] {processor.py:161} INFO - Started process (PID=408) to work on /opt/airflow/dags/s3_to_snowflake.py
[2026-02-23T03:42:39.587+0000] {processor.py:830} INFO - Processing file /opt/airflow/dags/s3_to_snowflake.py for tasks to queue
[2026-02-23T03:42:39.589+0000] {logging_mixin.py:188} INFO - [2026-02-23T03:42:39.588+0000] {dagbag.py:538} INFO - Filling up the DagBag from /opt/airflow/dags/s3_to_snowflake.py
[2026-02-23T03:42:40.121+0000] {processor.py:840} INFO - DAG(s) 's3_to_snowflake' retrieved from /opt/airflow/dags/s3_to_snowflake.py
[2026-02-23T03:42:40.155+0000] {logging_mixin.py:188} INFO - [2026-02-23T03:42:40.154+0000] {dag.py:3036} INFO - Sync 1 DAGs
[2026-02-23T03:42:40.184+0000] {logging_mixin.py:188} INFO - [2026-02-23T03:42:40.184+0000] {dag.py:3823} INFO - Setting next_dagrun for s3_to_snowflake to 2026-02-23 03:42:00+00:00, run_after=2026-02-23 03:43:00+00:00
[2026-02-23T03:42:40.213+0000] {processor.py:183} INFO - Processing /opt/airflow/dags/s3_to_snowflake.py took 0.630 seconds
[2026-02-23T03:43:10.529+0000] {processor.py:161} INFO - Started process (PID=419) to work on /opt/airflow/dags/s3_to_snowflake.py
[2026-02-23T03:43:10.530+0000] {processor.py:830} INFO - Processing file /opt/airflow/dags/s3_to_snowflake.py for tasks to queue
[2026-02-23T03:43:10.531+0000] {logging_mixin.py:188} INFO - [2026-02-23T03:43:10.530+0000] {dagbag.py:538} INFO - Filling up the DagBag from /opt/airflow/dags/s3_to_snowflake.py
[2026-02-23T03:43:11.000+0000] {processor.py:840} INFO - DAG(s) 's3_to_snowflake' retrieved from /opt/airflow/dags/s3_to_snowflake.py
[2026-02-23T03:43:11.029+0000] {logging_mixin.py:188} INFO - [2026-02-23T03:43:11.029+0000] {dag.py:3036} INFO - Sync 1 DAGs
[2026-02-23T03:43:11.052+0000] {logging_mixin.py:188} INFO - [2026-02-23T03:43:11.051+0000] {dag.py:3823} INFO - Setting next_dagrun for s3_to_snowflake to 2026-02-23 03:43:00+00:00, run_after=2026-02-23 03:44:00+00:00
[2026-02-23T03:43:11.079+0000] {processor.py:183} INFO - Processing /opt/airflow/dags/s3_to_snowflake.py took 0.554 seconds
[2026-02-23T03:43:41.381+0000] {processor.py:161} INFO - Started process (PID=426) to work on /opt/airflow/dags/s3_to_snowflake.py
[2026-02-23T03:43:41.382+0000] {processor.py:830} INFO - Processing file /opt/airflow/dags/s3_to_snowflake.py for tasks to queue
[2026-02-23T03:43:41.383+0000] {logging_mixin.py:188} INFO - [2026-02-23T03:43:41.382+0000] {dagbag.py:538} INFO - Filling up the DagBag from /opt/airflow/dags/s3_to_snowflake.py
[2026-02-23T03:43:41.848+0000] {processor.py:840} INFO - DAG(s) 's3_to_snowflake' retrieved from /opt/airflow/dags/s3_to_snowflake.py
[2026-02-23T03:43:41.876+0000] {logging_mixin.py:188} INFO - [2026-02-23T03:43:41.875+0000] {dag.py:3036} INFO - Sync 1 DAGs
[2026-02-23T03:43:42.074+0000] {logging_mixin.py:188} INFO - [2026-02-23T03:43:42.073+0000] {dag.py:3823} INFO - Setting next_dagrun for s3_to_snowflake to 2026-02-23 03:43:00+00:00, run_after=2026-02-23 03:44:00+00:00
[2026-02-23T03:43:42.096+0000] {processor.py:183} INFO - Processing /opt/airflow/dags/s3_to_snowflake.py took 0.718 seconds
[2026-02-23T03:44:12.343+0000] {processor.py:161} INFO - Started process (PID=437) to work on /opt/airflow/dags/s3_to_snowflake.py
[2026-02-23T03:44:12.344+0000] {processor.py:830} INFO - Processing file /opt/airflow/dags/s3_to_snowflake.py for tasks to queue
[2026-02-23T03:44:12.345+0000] {logging_mixin.py:188} INFO - [2026-02-23T03:44:12.345+0000] {dagbag.py:538} INFO - Filling up the DagBag from /opt/airflow/dags/s3_to_snowflake.py
[2026-02-23T03:44:12.877+0000] {processor.py:840} INFO - DAG(s) 's3_to_snowflake' retrieved from /opt/airflow/dags/s3_to_snowflake.py
[2026-02-23T03:44:12.903+0000] {logging_mixin.py:188} INFO - [2026-02-23T03:44:12.903+0000] {dag.py:3036} INFO - Sync 1 DAGs
[2026-02-23T03:44:13.066+0000] {logging_mixin.py:188} INFO - [2026-02-23T03:44:13.066+0000] {dag.py:3823} INFO - Setting next_dagrun for s3_to_snowflake to 2026-02-23 03:44:00+00:00, run_after=2026-02-23 03:45:00+00:00
[2026-02-23T03:44:13.088+0000] {processor.py:183} INFO - Processing /opt/airflow/dags/s3_to_snowflake.py took 0.748 seconds
[2026-02-23T03:44:43.381+0000] {processor.py:161} INFO - Started process (PID=444) to work on /opt/airflow/dags/s3_to_snowflake.py
[2026-02-23T03:44:43.382+0000] {processor.py:830} INFO - Processing file /opt/airflow/dags/s3_to_snowflake.py for tasks to queue
[2026-02-23T03:44:43.383+0000] {logging_mixin.py:188} INFO - [2026-02-23T03:44:43.383+0000] {dagbag.py:538} INFO - Filling up the DagBag from /opt/airflow/dags/s3_to_snowflake.py
[2026-02-23T03:44:43.873+0000] {processor.py:840} INFO - DAG(s) 's3_to_snowflake' retrieved from /opt/airflow/dags/s3_to_snowflake.py
[2026-02-23T03:44:44.059+0000] {logging_mixin.py:188} INFO - [2026-02-23T03:44:43.903+0000] {dag.py:3036} INFO - Sync 1 DAGs
[2026-02-23T03:44:44.081+0000] {logging_mixin.py:188} INFO - [2026-02-23T03:44:44.081+0000] {dag.py:3823} INFO - Setting next_dagrun for s3_to_snowflake to 2026-02-23 03:44:00+00:00, run_after=2026-02-23 03:45:00+00:00
[2026-02-23T03:44:44.102+0000] {processor.py:183} INFO - Processing /opt/airflow/dags/s3_to_snowflake.py took 0.724 seconds
[2026-02-23T03:45:14.399+0000] {processor.py:161} INFO - Started process (PID=455) to work on /opt/airflow/dags/s3_to_snowflake.py
[2026-02-23T03:45:14.401+0000] {processor.py:830} INFO - Processing file /opt/airflow/dags/s3_to_snowflake.py for tasks to queue
[2026-02-23T03:45:14.402+0000] {logging_mixin.py:188} INFO - [2026-02-23T03:45:14.401+0000] {dagbag.py:538} INFO - Filling up the DagBag from /opt/airflow/dags/s3_to_snowflake.py
[2026-02-23T03:45:14.871+0000] {processor.py:840} INFO - DAG(s) 's3_to_snowflake' retrieved from /opt/airflow/dags/s3_to_snowflake.py
[2026-02-23T03:45:15.041+0000] {logging_mixin.py:188} INFO - [2026-02-23T03:45:15.041+0000] {dag.py:3036} INFO - Sync 1 DAGs
[2026-02-23T03:45:15.062+0000] {logging_mixin.py:188} INFO - [2026-02-23T03:45:15.062+0000] {dag.py:3823} INFO - Setting next_dagrun for s3_to_snowflake to 2026-02-23 03:45:00+00:00, run_after=2026-02-23 03:46:00+00:00
[2026-02-23T03:45:15.087+0000] {processor.py:183} INFO - Processing /opt/airflow/dags/s3_to_snowflake.py took 0.692 seconds
[2026-02-23T03:45:45.335+0000] {processor.py:161} INFO - Started process (PID=470) to work on /opt/airflow/dags/s3_to_snowflake.py
[2026-02-23T03:45:45.336+0000] {processor.py:830} INFO - Processing file /opt/airflow/dags/s3_to_snowflake.py for tasks to queue
[2026-02-23T03:45:45.337+0000] {logging_mixin.py:188} INFO - [2026-02-23T03:45:45.337+0000] {dagbag.py:538} INFO - Filling up the DagBag from /opt/airflow/dags/s3_to_snowflake.py
[2026-02-23T03:45:45.846+0000] {processor.py:840} INFO - DAG(s) 's3_to_snowflake' retrieved from /opt/airflow/dags/s3_to_snowflake.py
[2026-02-23T03:45:45.874+0000] {logging_mixin.py:188} INFO - [2026-02-23T03:45:45.874+0000] {dag.py:3036} INFO - Sync 1 DAGs
[2026-02-23T03:45:45.898+0000] {logging_mixin.py:188} INFO - [2026-02-23T03:45:45.898+0000] {dag.py:3823} INFO - Setting next_dagrun for s3_to_snowflake to 2026-02-23 03:45:00+00:00, run_after=2026-02-23 03:46:00+00:00
[2026-02-23T03:45:45.926+0000] {processor.py:183} INFO - Processing /opt/airflow/dags/s3_to_snowflake.py took 0.594 seconds
