[2026-02-27T18:53:01.412+0000] {taskinstance.py:1956} INFO - Dependencies all met for dep_context=non-requeueable deps ti=<TaskInstance: s3_to_snowflake.load_snowflake scheduled__2026-02-27T18:52:00+00:00 [queued]>
[2026-02-27T18:53:01.421+0000] {taskinstance.py:1956} INFO - Dependencies all met for dep_context=requeueable deps ti=<TaskInstance: s3_to_snowflake.load_snowflake scheduled__2026-02-27T18:52:00+00:00 [queued]>
[2026-02-27T18:53:01.424+0000] {taskinstance.py:2170} INFO - Starting attempt 1 of 2
[2026-02-27T18:53:01.436+0000] {taskinstance.py:2191} INFO - Executing <Task(PythonOperator): load_snowflake> on 2026-02-27 18:52:00+00:00
[2026-02-27T18:53:01.444+0000] {standard_task_runner.py:60} INFO - Started process 2936 to run task
[2026-02-27T18:53:01.447+0000] {standard_task_runner.py:87} INFO - Running: ['***', 'tasks', 'run', 's3_to_snowflake', 'load_snowflake', 'scheduled__2026-02-27T18:52:00+00:00', '--job-id', '149', '--raw', '--subdir', 'DAGS_FOLDER/s3_to_snowflake.py', '--cfg-path', '/tmp/tmpdai_c63n']
[2026-02-27T18:53:01.451+0000] {standard_task_runner.py:88} INFO - Job 149: Subtask load_snowflake
[2026-02-27T18:53:01.516+0000] {task_command.py:423} INFO - Running <TaskInstance: s3_to_snowflake.load_snowflake scheduled__2026-02-27T18:52:00+00:00 [running]> on host 21d6aced11b5
[2026-02-27T18:53:01.859+0000] {taskinstance.py:2480} INFO - Exporting env vars: AIRFLOW_CTX_DAG_OWNER='***' AIRFLOW_CTX_DAG_ID='s3_to_snowflake' AIRFLOW_CTX_TASK_ID='load_snowflake' AIRFLOW_CTX_EXECUTION_DATE='2026-02-27T18:52:00+00:00' AIRFLOW_CTX_TRY_NUMBER='1' AIRFLOW_CTX_DAG_RUN_ID='scheduled__2026-02-27T18:52:00+00:00'
[2026-02-27T18:53:01.887+0000] {logging_mixin.py:188} INFO - No files to load
[2026-02-27T18:53:01.889+0000] {python.py:201} INFO - Done. Returned value was: None
[2026-02-27T18:53:01.914+0000] {taskinstance.py:1138} INFO - Marking task as SUCCESS. dag_id=s3_to_snowflake, task_id=load_snowflake, execution_date=20260227T185200, start_date=20260227T185301, end_date=20260227T185301
[2026-02-27T18:53:01.944+0000] {local_task_job_runner.py:234} INFO - Task exited with return code 0
[2026-02-27T18:53:01.965+0000] {taskinstance.py:3280} INFO - 0 downstream tasks scheduled from follow-on schedule check
[2026-02-27T18:53:33.686+0000] {taskinstance.py:1956} INFO - Dependencies all met for dep_context=non-requeueable deps ti=<TaskInstance: s3_to_snowflake.load_snowflake scheduled__2026-02-27T18:52:00+00:00 [queued]>
[2026-02-27T18:53:33.704+0000] {taskinstance.py:1956} INFO - Dependencies all met for dep_context=requeueable deps ti=<TaskInstance: s3_to_snowflake.load_snowflake scheduled__2026-02-27T18:52:00+00:00 [queued]>
[2026-02-27T18:53:33.705+0000] {taskinstance.py:2170} INFO - Starting attempt 1 of 2
[2026-02-27T18:53:33.729+0000] {taskinstance.py:2191} INFO - Executing <Task(PythonOperator): load_snowflake> on 2026-02-27 18:52:00+00:00
[2026-02-27T18:53:33.746+0000] {standard_task_runner.py:60} INFO - Started process 3037 to run task
[2026-02-27T18:53:33.755+0000] {standard_task_runner.py:87} INFO - Running: ['***', 'tasks', 'run', 's3_to_snowflake', 'load_snowflake', 'scheduled__2026-02-27T18:52:00+00:00', '--job-id', '152', '--raw', '--subdir', 'DAGS_FOLDER/s3_to_snowflake.py', '--cfg-path', '/tmp/tmpb71f0k84']
[2026-02-27T18:53:33.766+0000] {standard_task_runner.py:88} INFO - Job 152: Subtask load_snowflake
[2026-02-27T18:53:33.934+0000] {task_command.py:423} INFO - Running <TaskInstance: s3_to_snowflake.load_snowflake scheduled__2026-02-27T18:52:00+00:00 [running]> on host 21d6aced11b5
[2026-02-27T18:53:34.792+0000] {taskinstance.py:2480} INFO - Exporting env vars: AIRFLOW_CTX_DAG_OWNER='***' AIRFLOW_CTX_DAG_ID='s3_to_snowflake' AIRFLOW_CTX_TASK_ID='load_snowflake' AIRFLOW_CTX_EXECUTION_DATE='2026-02-27T18:52:00+00:00' AIRFLOW_CTX_TRY_NUMBER='1' AIRFLOW_CTX_DAG_RUN_ID='scheduled__2026-02-27T18:52:00+00:00'
[2026-02-27T18:53:34.848+0000] {logging_mixin.py:188} INFO - No files to load
[2026-02-27T18:53:34.849+0000] {python.py:201} INFO - Done. Returned value was: None
[2026-02-27T18:53:34.886+0000] {taskinstance.py:1138} INFO - Marking task as SUCCESS. dag_id=s3_to_snowflake, task_id=load_snowflake, execution_date=20260227T185200, start_date=20260227T185333, end_date=20260227T185334
[2026-02-27T18:53:34.987+0000] {local_task_job_runner.py:234} INFO - Task exited with return code 0
[2026-02-27T18:53:35.050+0000] {taskinstance.py:3280} INFO - 0 downstream tasks scheduled from follow-on schedule check
