[2026-02-27T18:58:28.276+0000] {taskinstance.py:1956} INFO - Dependencies all met for dep_context=non-requeueable deps ti=<TaskInstance: s3_to_snowflake.load_snowflake scheduled__2026-02-27T18:57:00+00:00 [queued]>
[2026-02-27T18:58:28.295+0000] {taskinstance.py:1956} INFO - Dependencies all met for dep_context=requeueable deps ti=<TaskInstance: s3_to_snowflake.load_snowflake scheduled__2026-02-27T18:57:00+00:00 [queued]>
[2026-02-27T18:58:28.296+0000] {taskinstance.py:2170} INFO - Starting attempt 1 of 2
[2026-02-27T18:58:28.328+0000] {taskinstance.py:2191} INFO - Executing <Task(PythonOperator): load_snowflake> on 2026-02-27 18:57:00+00:00
[2026-02-27T18:58:28.346+0000] {standard_task_runner.py:60} INFO - Started process 3952 to run task
[2026-02-27T18:58:28.354+0000] {standard_task_runner.py:87} INFO - Running: ['***', 'tasks', 'run', 's3_to_snowflake', 'load_snowflake', 'scheduled__2026-02-27T18:57:00+00:00', '--job-id', '165', '--raw', '--subdir', 'DAGS_FOLDER/s3_to_snowflake.py', '--cfg-path', '/tmp/tmpwdl484vm']
[2026-02-27T18:58:28.364+0000] {standard_task_runner.py:88} INFO - Job 165: Subtask load_snowflake
[2026-02-27T18:58:28.536+0000] {task_command.py:423} INFO - Running <TaskInstance: s3_to_snowflake.load_snowflake scheduled__2026-02-27T18:57:00+00:00 [running]> on host 21d6aced11b5
[2026-02-27T18:58:29.453+0000] {taskinstance.py:2480} INFO - Exporting env vars: AIRFLOW_CTX_DAG_OWNER='***' AIRFLOW_CTX_DAG_ID='s3_to_snowflake' AIRFLOW_CTX_TASK_ID='load_snowflake' AIRFLOW_CTX_EXECUTION_DATE='2026-02-27T18:57:00+00:00' AIRFLOW_CTX_TRY_NUMBER='1' AIRFLOW_CTX_DAG_RUN_ID='scheduled__2026-02-27T18:57:00+00:00'
[2026-02-27T18:58:29.500+0000] {connection.py:370} INFO - Snowflake Connector for Python Version: 3.6.0, Python Version: 3.11.8, Platform: Linux-6.6.87.2-microsoft-standard-WSL2-x86_64-with-glibc2.36
[2026-02-27T18:58:29.504+0000] {connection.py:1171} INFO - This connection is in OCSP Fail Open Mode. TLS Certificates would be checked for validity and revocation status. Any other Certificate Revocation related exceptions or OCSP Responder failures would be disregarded in favor of connectivity.
[2026-02-27T18:58:30.971+0000] {cursor.py:1028} INFO - query: [PUT file://D:\ADF_folder\real-time-stocks-mds\data\s3_downloads/AAPL_1771463612....]
[2026-02-27T18:58:31.233+0000] {cursor.py:1041} INFO - query execution done
[2026-02-27T18:58:33.010+0000] {logging_mixin.py:188} INFO - Uploaded D:\ADF_folder\real-time-stocks-mds\data\s3_downloads/AAPL_1771463612.json to Snowflake stage
[2026-02-27T18:58:33.012+0000] {cursor.py:1028} INFO - query: [PUT file://D:\ADF_folder\real-time-stocks-mds\data\s3_downloads/AAPL_1771463645....]
[2026-02-27T18:58:33.238+0000] {cursor.py:1041} INFO - query execution done
[2026-02-27T18:58:33.594+0000] {logging_mixin.py:188} INFO - Uploaded D:\ADF_folder\real-time-stocks-mds\data\s3_downloads/AAPL_1771463645.json to Snowflake stage
[2026-02-27T18:58:33.595+0000] {cursor.py:1028} INFO - query: [PUT file://D:\ADF_folder\real-time-stocks-mds\data\s3_downloads/AAPL_1771463678....]
[2026-02-27T18:58:33.794+0000] {cursor.py:1041} INFO - query execution done
[2026-02-27T18:58:34.146+0000] {logging_mixin.py:188} INFO - Uploaded D:\ADF_folder\real-time-stocks-mds\data\s3_downloads/AAPL_1771463678.json to Snowflake stage
[2026-02-27T18:58:34.146+0000] {cursor.py:1028} INFO - query: [PUT file://D:\ADF_folder\real-time-stocks-mds\data\s3_downloads/AAPL_1771463711....]
[2026-02-27T18:58:34.362+0000] {cursor.py:1041} INFO - query execution done
[2026-02-27T18:58:34.717+0000] {logging_mixin.py:188} INFO - Uploaded D:\ADF_folder\real-time-stocks-mds\data\s3_downloads/AAPL_1771463711.json to Snowflake stage
[2026-02-27T18:58:34.718+0000] {cursor.py:1028} INFO - query: [PUT file://D:\ADF_folder\real-time-stocks-mds\data\s3_downloads/AAPL_1771463744....]
[2026-02-27T18:58:34.910+0000] {cursor.py:1041} INFO - query execution done
[2026-02-27T18:58:35.269+0000] {logging_mixin.py:188} INFO - Uploaded D:\ADF_folder\real-time-stocks-mds\data\s3_downloads/AAPL_1771463744.json to Snowflake stage
[2026-02-27T18:58:35.270+0000] {cursor.py:1028} INFO - query: [PUT file://D:\ADF_folder\real-time-stocks-mds\data\s3_downloads/AAPL_1771463777....]
[2026-02-27T18:58:35.472+0000] {cursor.py:1041} INFO - query execution done
[2026-02-27T18:58:35.815+0000] {logging_mixin.py:188} INFO - Uploaded D:\ADF_folder\real-time-stocks-mds\data\s3_downloads/AAPL_1771463777.json to Snowflake stage
[2026-02-27T18:58:35.816+0000] {cursor.py:1028} INFO - query: [PUT file://D:\ADF_folder\real-time-stocks-mds\data\s3_downloads/AAPL_1771463810....]
[2026-02-27T18:58:35.998+0000] {cursor.py:1041} INFO - query execution done
[2026-02-27T18:58:36.354+0000] {logging_mixin.py:188} INFO - Uploaded D:\ADF_folder\real-time-stocks-mds\data\s3_downloads/AAPL_1771463810.json to Snowflake stage
[2026-02-27T18:58:36.356+0000] {cursor.py:1028} INFO - query: [PUT file://D:\ADF_folder\real-time-stocks-mds\data\s3_downloads/AAPL_1771463843....]
[2026-02-27T18:58:36.549+0000] {cursor.py:1041} INFO - query execution done
[2026-02-27T18:58:36.899+0000] {logging_mixin.py:188} INFO - Uploaded D:\ADF_folder\real-time-stocks-mds\data\s3_downloads/AAPL_1771463843.json to Snowflake stage
[2026-02-27T18:58:36.900+0000] {cursor.py:1028} INFO - query: [PUT file://D:\ADF_folder\real-time-stocks-mds\data\s3_downloads/AAPL_1771463876....]
[2026-02-27T18:58:37.100+0000] {cursor.py:1041} INFO - query execution done
[2026-02-27T18:58:37.457+0000] {logging_mixin.py:188} INFO - Uploaded D:\ADF_folder\real-time-stocks-mds\data\s3_downloads/AAPL_1771463876.json to Snowflake stage
[2026-02-27T18:58:37.458+0000] {cursor.py:1028} INFO - query: [PUT file://D:\ADF_folder\real-time-stocks-mds\data\s3_downloads/AAPL_1771463909....]
[2026-02-27T18:58:37.648+0000] {cursor.py:1041} INFO - query execution done
[2026-02-27T18:58:38.013+0000] {logging_mixin.py:188} INFO - Uploaded D:\ADF_folder\real-time-stocks-mds\data\s3_downloads/AAPL_1771463909.json to Snowflake stage
[2026-02-27T18:58:38.015+0000] {cursor.py:1028} INFO - query: [PUT file://D:\ADF_folder\real-time-stocks-mds\data\s3_downloads/GOOGL_1771463605...]
[2026-02-27T18:58:38.201+0000] {cursor.py:1041} INFO - query execution done
[2026-02-27T18:58:38.572+0000] {logging_mixin.py:188} INFO - Uploaded D:\ADF_folder\real-time-stocks-mds\data\s3_downloads/GOOGL_1771463605.json to Snowflake stage
[2026-02-27T18:58:38.573+0000] {cursor.py:1028} INFO - query: [PUT file://D:\ADF_folder\real-time-stocks-mds\data\s3_downloads/GOOGL_1771463638...]
[2026-02-27T18:58:38.767+0000] {cursor.py:1041} INFO - query execution done
[2026-02-27T18:58:39.124+0000] {logging_mixin.py:188} INFO - Uploaded D:\ADF_folder\real-time-stocks-mds\data\s3_downloads/GOOGL_1771463638.json to Snowflake stage
[2026-02-27T18:58:39.125+0000] {cursor.py:1028} INFO - query: [PUT file://D:\ADF_folder\real-time-stocks-mds\data\s3_downloads/GOOGL_1771463671...]
[2026-02-27T18:58:39.329+0000] {cursor.py:1041} INFO - query execution done
[2026-02-27T18:58:39.717+0000] {logging_mixin.py:188} INFO - Uploaded D:\ADF_folder\real-time-stocks-mds\data\s3_downloads/GOOGL_1771463671.json to Snowflake stage
[2026-02-27T18:58:39.719+0000] {cursor.py:1028} INFO - query: [PUT file://D:\ADF_folder\real-time-stocks-mds\data\s3_downloads/GOOGL_1771463704...]
[2026-02-27T18:58:39.923+0000] {cursor.py:1041} INFO - query execution done
[2026-02-27T18:58:40.292+0000] {logging_mixin.py:188} INFO - Uploaded D:\ADF_folder\real-time-stocks-mds\data\s3_downloads/GOOGL_1771463704.json to Snowflake stage
[2026-02-27T18:58:40.294+0000] {cursor.py:1028} INFO - query: [PUT file://D:\ADF_folder\real-time-stocks-mds\data\s3_downloads/GOOGL_1771463737...]
[2026-02-27T18:58:40.492+0000] {cursor.py:1041} INFO - query execution done
[2026-02-27T18:58:40.885+0000] {logging_mixin.py:188} INFO - Uploaded D:\ADF_folder\real-time-stocks-mds\data\s3_downloads/GOOGL_1771463737.json to Snowflake stage
[2026-02-27T18:58:40.886+0000] {cursor.py:1028} INFO - query: [PUT file://D:\ADF_folder\real-time-stocks-mds\data\s3_downloads/GOOGL_1771463770...]
[2026-02-27T18:58:41.286+0000] {cursor.py:1041} INFO - query execution done
[2026-02-27T18:58:41.455+0000] {logging_mixin.py:188} INFO - Uploaded D:\ADF_folder\real-time-stocks-mds\data\s3_downloads/GOOGL_1771463770.json to Snowflake stage
[2026-02-27T18:58:41.456+0000] {cursor.py:1028} INFO - query: [PUT file://D:\ADF_folder\real-time-stocks-mds\data\s3_downloads/GOOGL_1771463803...]
[2026-02-27T18:58:41.639+0000] {cursor.py:1041} INFO - query execution done
[2026-02-27T18:58:41.993+0000] {logging_mixin.py:188} INFO - Uploaded D:\ADF_folder\real-time-stocks-mds\data\s3_downloads/GOOGL_1771463803.json to Snowflake stage
[2026-02-27T18:58:41.994+0000] {cursor.py:1028} INFO - query: [PUT file://D:\ADF_folder\real-time-stocks-mds\data\s3_downloads/GOOGL_1771463836...]
[2026-02-27T18:58:42.186+0000] {cursor.py:1041} INFO - query execution done
[2026-02-27T18:58:42.536+0000] {logging_mixin.py:188} INFO - Uploaded D:\ADF_folder\real-time-stocks-mds\data\s3_downloads/GOOGL_1771463836.json to Snowflake stage
[2026-02-27T18:58:42.537+0000] {cursor.py:1028} INFO - query: [PUT file://D:\ADF_folder\real-time-stocks-mds\data\s3_downloads/GOOGL_1771463869...]
[2026-02-27T18:58:42.719+0000] {cursor.py:1041} INFO - query execution done
[2026-02-27T18:58:43.076+0000] {logging_mixin.py:188} INFO - Uploaded D:\ADF_folder\real-time-stocks-mds\data\s3_downloads/GOOGL_1771463869.json to Snowflake stage
[2026-02-27T18:58:43.077+0000] {cursor.py:1028} INFO - query: [PUT file://D:\ADF_folder\real-time-stocks-mds\data\s3_downloads/GOOGL_1771463902...]
[2026-02-27T18:58:43.286+0000] {cursor.py:1041} INFO - query execution done
[2026-02-27T18:58:43.635+0000] {logging_mixin.py:188} INFO - Uploaded D:\ADF_folder\real-time-stocks-mds\data\s3_downloads/GOOGL_1771463902.json to Snowflake stage
[2026-02-27T18:58:43.636+0000] {cursor.py:1028} INFO - query: [PUT file://D:\ADF_folder\real-time-stocks-mds\data\s3_downloads/AMZN_1771463619....]
[2026-02-27T18:58:44.142+0000] {cursor.py:1041} INFO - query execution done
[2026-02-27T18:58:44.305+0000] {logging_mixin.py:188} INFO - Uploaded D:\ADF_folder\real-time-stocks-mds\data\s3_downloads/AMZN_1771463619.json to Snowflake stage
[2026-02-27T18:58:44.306+0000] {cursor.py:1028} INFO - query: [PUT file://D:\ADF_folder\real-time-stocks-mds\data\s3_downloads/AMZN_1771463651....]
[2026-02-27T18:58:44.499+0000] {cursor.py:1041} INFO - query execution done
[2026-02-27T18:58:44.680+0000] {logging_mixin.py:188} INFO - Uploaded D:\ADF_folder\real-time-stocks-mds\data\s3_downloads/AMZN_1771463651.json to Snowflake stage
[2026-02-27T18:58:44.681+0000] {cursor.py:1028} INFO - query: [PUT file://D:\ADF_folder\real-time-stocks-mds\data\s3_downloads/AMZN_1771463684....]
[2026-02-27T18:58:44.937+0000] {cursor.py:1041} INFO - query execution done
[2026-02-27T18:58:45.294+0000] {logging_mixin.py:188} INFO - Uploaded D:\ADF_folder\real-time-stocks-mds\data\s3_downloads/AMZN_1771463684.json to Snowflake stage
[2026-02-27T18:58:45.296+0000] {cursor.py:1028} INFO - query: [PUT file://D:\ADF_folder\real-time-stocks-mds\data\s3_downloads/AMZN_1771463718....]
[2026-02-27T18:58:45.481+0000] {cursor.py:1041} INFO - query execution done
[2026-02-27T18:58:45.848+0000] {logging_mixin.py:188} INFO - Uploaded D:\ADF_folder\real-time-stocks-mds\data\s3_downloads/AMZN_1771463718.json to Snowflake stage
[2026-02-27T18:58:45.850+0000] {cursor.py:1028} INFO - query: [PUT file://D:\ADF_folder\real-time-stocks-mds\data\s3_downloads/AMZN_1771463750....]
[2026-02-27T18:58:46.067+0000] {cursor.py:1041} INFO - query execution done
[2026-02-27T18:58:46.438+0000] {logging_mixin.py:188} INFO - Uploaded D:\ADF_folder\real-time-stocks-mds\data\s3_downloads/AMZN_1771463750.json to Snowflake stage
[2026-02-27T18:58:46.439+0000] {cursor.py:1028} INFO - query: [PUT file://D:\ADF_folder\real-time-stocks-mds\data\s3_downloads/AMZN_1771463783....]
[2026-02-27T18:58:46.624+0000] {cursor.py:1041} INFO - query execution done
[2026-02-27T18:58:47.021+0000] {logging_mixin.py:188} INFO - Uploaded D:\ADF_folder\real-time-stocks-mds\data\s3_downloads/AMZN_1771463783.json to Snowflake stage
[2026-02-27T18:58:47.023+0000] {cursor.py:1028} INFO - query: [PUT file://D:\ADF_folder\real-time-stocks-mds\data\s3_downloads/AMZN_1771463816....]
[2026-02-27T18:58:47.214+0000] {cursor.py:1041} INFO - query execution done
[2026-02-27T18:58:47.568+0000] {logging_mixin.py:188} INFO - Uploaded D:\ADF_folder\real-time-stocks-mds\data\s3_downloads/AMZN_1771463816.json to Snowflake stage
[2026-02-27T18:58:47.570+0000] {cursor.py:1028} INFO - query: [PUT file://D:\ADF_folder\real-time-stocks-mds\data\s3_downloads/AMZN_1771463849....]
[2026-02-27T18:58:47.755+0000] {cursor.py:1041} INFO - query execution done
[2026-02-27T18:58:48.111+0000] {logging_mixin.py:188} INFO - Uploaded D:\ADF_folder\real-time-stocks-mds\data\s3_downloads/AMZN_1771463849.json to Snowflake stage
[2026-02-27T18:58:48.113+0000] {cursor.py:1028} INFO - query: [PUT file://D:\ADF_folder\real-time-stocks-mds\data\s3_downloads/AMZN_1771463882....]
[2026-02-27T18:58:48.306+0000] {cursor.py:1041} INFO - query execution done
[2026-02-27T18:58:48.648+0000] {logging_mixin.py:188} INFO - Uploaded D:\ADF_folder\real-time-stocks-mds\data\s3_downloads/AMZN_1771463882.json to Snowflake stage
[2026-02-27T18:58:48.649+0000] {cursor.py:1028} INFO - query: [PUT file://D:\ADF_folder\real-time-stocks-mds\data\s3_downloads/AMZN_1771463916....]
[2026-02-27T18:58:48.859+0000] {cursor.py:1041} INFO - query execution done
[2026-02-27T18:58:49.220+0000] {logging_mixin.py:188} INFO - Uploaded D:\ADF_folder\real-time-stocks-mds\data\s3_downloads/AMZN_1771463916.json to Snowflake stage
[2026-02-27T18:58:49.220+0000] {cursor.py:1028} INFO - query: [PUT file://D:\ADF_folder\real-time-stocks-mds\data\s3_downloads/MSFT_1771463592....]
[2026-02-27T18:58:49.404+0000] {cursor.py:1041} INFO - query execution done
[2026-02-27T18:58:49.746+0000] {logging_mixin.py:188} INFO - Uploaded D:\ADF_folder\real-time-stocks-mds\data\s3_downloads/MSFT_1771463592.json to Snowflake stage
[2026-02-27T18:58:49.747+0000] {cursor.py:1028} INFO - query: [PUT file://D:\ADF_folder\real-time-stocks-mds\data\s3_downloads/MSFT_1771463625....]
[2026-02-27T18:58:49.939+0000] {cursor.py:1041} INFO - query execution done
[2026-02-27T18:58:50.286+0000] {logging_mixin.py:188} INFO - Uploaded D:\ADF_folder\real-time-stocks-mds\data\s3_downloads/MSFT_1771463625.json to Snowflake stage
[2026-02-27T18:58:50.286+0000] {cursor.py:1028} INFO - query: [PUT file://D:\ADF_folder\real-time-stocks-mds\data\s3_downloads/MSFT_1771463658....]
[2026-02-27T18:58:50.496+0000] {cursor.py:1041} INFO - query execution done
[2026-02-27T18:58:50.847+0000] {logging_mixin.py:188} INFO - Uploaded D:\ADF_folder\real-time-stocks-mds\data\s3_downloads/MSFT_1771463658.json to Snowflake stage
[2026-02-27T18:58:50.848+0000] {cursor.py:1028} INFO - query: [PUT file://D:\ADF_folder\real-time-stocks-mds\data\s3_downloads/MSFT_1771463691....]
[2026-02-27T18:58:51.031+0000] {cursor.py:1041} INFO - query execution done
[2026-02-27T18:58:51.379+0000] {logging_mixin.py:188} INFO - Uploaded D:\ADF_folder\real-time-stocks-mds\data\s3_downloads/MSFT_1771463691.json to Snowflake stage
[2026-02-27T18:58:51.381+0000] {cursor.py:1028} INFO - query: [PUT file://D:\ADF_folder\real-time-stocks-mds\data\s3_downloads/MSFT_1771463724....]
[2026-02-27T18:58:51.582+0000] {cursor.py:1041} INFO - query execution done
[2026-02-27T18:58:51.927+0000] {logging_mixin.py:188} INFO - Uploaded D:\ADF_folder\real-time-stocks-mds\data\s3_downloads/MSFT_1771463724.json to Snowflake stage
[2026-02-27T18:58:51.928+0000] {cursor.py:1028} INFO - query: [PUT file://D:\ADF_folder\real-time-stocks-mds\data\s3_downloads/MSFT_1771463757....]
[2026-02-27T18:58:52.112+0000] {cursor.py:1041} INFO - query execution done
[2026-02-27T18:58:52.460+0000] {logging_mixin.py:188} INFO - Uploaded D:\ADF_folder\real-time-stocks-mds\data\s3_downloads/MSFT_1771463757.json to Snowflake stage
[2026-02-27T18:58:52.461+0000] {cursor.py:1028} INFO - query: [PUT file://D:\ADF_folder\real-time-stocks-mds\data\s3_downloads/MSFT_1771463790....]
[2026-02-27T18:58:52.664+0000] {cursor.py:1041} INFO - query execution done
[2026-02-27T18:58:53.011+0000] {logging_mixin.py:188} INFO - Uploaded D:\ADF_folder\real-time-stocks-mds\data\s3_downloads/MSFT_1771463790.json to Snowflake stage
[2026-02-27T18:58:53.012+0000] {cursor.py:1028} INFO - query: [PUT file://D:\ADF_folder\real-time-stocks-mds\data\s3_downloads/MSFT_1771463823....]
[2026-02-27T18:58:53.196+0000] {cursor.py:1041} INFO - query execution done
[2026-02-27T18:58:53.539+0000] {logging_mixin.py:188} INFO - Uploaded D:\ADF_folder\real-time-stocks-mds\data\s3_downloads/MSFT_1771463823.json to Snowflake stage
[2026-02-27T18:58:53.540+0000] {cursor.py:1028} INFO - query: [PUT file://D:\ADF_folder\real-time-stocks-mds\data\s3_downloads/MSFT_1771463856....]
[2026-02-27T18:58:53.731+0000] {cursor.py:1041} INFO - query execution done
[2026-02-27T18:58:54.097+0000] {logging_mixin.py:188} INFO - Uploaded D:\ADF_folder\real-time-stocks-mds\data\s3_downloads/MSFT_1771463856.json to Snowflake stage
[2026-02-27T18:58:54.099+0000] {cursor.py:1028} INFO - query: [PUT file://D:\ADF_folder\real-time-stocks-mds\data\s3_downloads/MSFT_1771463889....]
[2026-02-27T18:58:54.301+0000] {cursor.py:1041} INFO - query execution done
[2026-02-27T18:58:54.649+0000] {logging_mixin.py:188} INFO - Uploaded D:\ADF_folder\real-time-stocks-mds\data\s3_downloads/MSFT_1771463889.json to Snowflake stage
[2026-02-27T18:58:54.650+0000] {cursor.py:1028} INFO - query: [PUT file://D:\ADF_folder\real-time-stocks-mds\data\s3_downloads/TSLA_1771463599....]
[2026-02-27T18:58:54.852+0000] {cursor.py:1041} INFO - query execution done
[2026-02-27T18:58:55.197+0000] {logging_mixin.py:188} INFO - Uploaded D:\ADF_folder\real-time-stocks-mds\data\s3_downloads/TSLA_1771463599.json to Snowflake stage
[2026-02-27T18:58:55.197+0000] {cursor.py:1028} INFO - query: [PUT file://D:\ADF_folder\real-time-stocks-mds\data\s3_downloads/TSLA_1771463632....]
[2026-02-27T18:58:55.383+0000] {cursor.py:1041} INFO - query execution done
[2026-02-27T18:58:55.728+0000] {logging_mixin.py:188} INFO - Uploaded D:\ADF_folder\real-time-stocks-mds\data\s3_downloads/TSLA_1771463632.json to Snowflake stage
[2026-02-27T18:58:55.729+0000] {cursor.py:1028} INFO - query: [PUT file://D:\ADF_folder\real-time-stocks-mds\data\s3_downloads/TSLA_1771463665....]
[2026-02-27T18:58:55.921+0000] {cursor.py:1041} INFO - query execution done
[2026-02-27T18:58:56.278+0000] {logging_mixin.py:188} INFO - Uploaded D:\ADF_folder\real-time-stocks-mds\data\s3_downloads/TSLA_1771463665.json to Snowflake stage
[2026-02-27T18:58:56.279+0000] {cursor.py:1028} INFO - query: [PUT file://D:\ADF_folder\real-time-stocks-mds\data\s3_downloads/TSLA_1771463698....]
[2026-02-27T18:58:56.471+0000] {cursor.py:1041} INFO - query execution done
[2026-02-27T18:58:56.814+0000] {logging_mixin.py:188} INFO - Uploaded D:\ADF_folder\real-time-stocks-mds\data\s3_downloads/TSLA_1771463698.json to Snowflake stage
[2026-02-27T18:58:56.815+0000] {cursor.py:1028} INFO - query: [PUT file://D:\ADF_folder\real-time-stocks-mds\data\s3_downloads/TSLA_1771463731....]
[2026-02-27T18:58:57.013+0000] {cursor.py:1041} INFO - query execution done
[2026-02-27T18:58:57.362+0000] {logging_mixin.py:188} INFO - Uploaded D:\ADF_folder\real-time-stocks-mds\data\s3_downloads/TSLA_1771463731.json to Snowflake stage
[2026-02-27T18:58:57.363+0000] {cursor.py:1028} INFO - query: [PUT file://D:\ADF_folder\real-time-stocks-mds\data\s3_downloads/TSLA_1771463764....]
[2026-02-27T18:58:57.564+0000] {cursor.py:1041} INFO - query execution done
[2026-02-27T18:58:57.914+0000] {logging_mixin.py:188} INFO - Uploaded D:\ADF_folder\real-time-stocks-mds\data\s3_downloads/TSLA_1771463764.json to Snowflake stage
[2026-02-27T18:58:57.915+0000] {cursor.py:1028} INFO - query: [PUT file://D:\ADF_folder\real-time-stocks-mds\data\s3_downloads/TSLA_1771463797....]
[2026-02-27T18:58:58.113+0000] {cursor.py:1041} INFO - query execution done
[2026-02-27T18:58:58.457+0000] {logging_mixin.py:188} INFO - Uploaded D:\ADF_folder\real-time-stocks-mds\data\s3_downloads/TSLA_1771463797.json to Snowflake stage
[2026-02-27T18:58:58.458+0000] {cursor.py:1028} INFO - query: [PUT file://D:\ADF_folder\real-time-stocks-mds\data\s3_downloads/TSLA_1771463830....]
[2026-02-27T18:58:58.654+0000] {cursor.py:1041} INFO - query execution done
[2026-02-27T18:58:58.999+0000] {logging_mixin.py:188} INFO - Uploaded D:\ADF_folder\real-time-stocks-mds\data\s3_downloads/TSLA_1771463830.json to Snowflake stage
[2026-02-27T18:58:59.000+0000] {cursor.py:1028} INFO - query: [PUT file://D:\ADF_folder\real-time-stocks-mds\data\s3_downloads/TSLA_1771463862....]
[2026-02-27T18:58:59.202+0000] {cursor.py:1041} INFO - query execution done
[2026-02-27T18:58:59.544+0000] {logging_mixin.py:188} INFO - Uploaded D:\ADF_folder\real-time-stocks-mds\data\s3_downloads/TSLA_1771463862.json to Snowflake stage
[2026-02-27T18:58:59.545+0000] {cursor.py:1028} INFO - query: [PUT file://D:\ADF_folder\real-time-stocks-mds\data\s3_downloads/TSLA_1771463895....]
[2026-02-27T18:58:59.742+0000] {cursor.py:1041} INFO - query execution done
[2026-02-27T18:59:00.107+0000] {logging_mixin.py:188} INFO - Uploaded D:\ADF_folder\real-time-stocks-mds\data\s3_downloads/TSLA_1771463895.json to Snowflake stage
[2026-02-27T18:59:00.108+0000] {cursor.py:1028} INFO - query: [COPY INTO bronze_stock_quotes_raw FROM @%bronze_stock_quotes_raw FILE_FORMAT =(T...]
[2026-02-27T18:59:00.297+0000] {cursor.py:1041} INFO - query execution done
[2026-02-27T18:59:00.308+0000] {taskinstance.py:2698} ERROR - Task failed with exception
Traceback (most recent call last):
  File "/home/airflow/.local/lib/python3.11/site-packages/airflow/models/taskinstance.py", line 433, in _execute_task
    result = execute_callable(context=context, **execute_callable_kwargs)
             ^^^^^^^^^^^^^^^^^^^^^^^^^^^^^^^^^^^^^^^^^^^^^^^^^^^^^^^^^^^^
  File "/home/airflow/.local/lib/python3.11/site-packages/airflow/operators/python.py", line 199, in execute
    return_value = self.execute_callable()
                   ^^^^^^^^^^^^^^^^^^^^^^^
  File "/home/airflow/.local/lib/python3.11/site-packages/airflow/operators/python.py", line 216, in execute_callable
    return self.python_callable(*self.op_args, **self.op_kwargs)
           ^^^^^^^^^^^^^^^^^^^^^^^^^^^^^^^^^^^^^^^^^^^^^^^^^^^^^
  File "/opt/airflow/dags/s3_to_snowflake.py", line 95, in load_to_snowflake
    cur.execute("""
  File "/home/airflow/.local/lib/python3.11/site-packages/snowflake/connector/cursor.py", line 1132, in execute
    Error.errorhandler_wrapper(self.connection, self, error_class, errvalue)
  File "/home/airflow/.local/lib/python3.11/site-packages/snowflake/connector/errors.py", line 290, in errorhandler_wrapper
    handed_over = Error.hand_to_other_handler(
                  ^^^^^^^^^^^^^^^^^^^^^^^^^^^^
  File "/home/airflow/.local/lib/python3.11/site-packages/snowflake/connector/errors.py", line 345, in hand_to_other_handler
    cursor.errorhandler(connection, cursor, error_class, error_value)
  File "/home/airflow/.local/lib/python3.11/site-packages/snowflake/connector/errors.py", line 221, in default_errorhandler
    raise error_class(
snowflake.connector.errors.ProgrammingError: 001003 (42000): 01c2b2d2-0009-3ad6-0000-74d1000371d6: SQL compilation error:
syntax error line 3 at position 34 unexpected '-'.
syntax error line 3 at position 34 unexpected '-'.
syntax error line 3 at position 39 unexpected ')'.
[2026-02-27T18:59:00.325+0000] {taskinstance.py:1138} INFO - Marking task as UP_FOR_RETRY. dag_id=s3_to_snowflake, task_id=load_snowflake, execution_date=20260227T185700, start_date=20260227T185828, end_date=20260227T185900
[2026-02-27T18:59:00.343+0000] {standard_task_runner.py:107} ERROR - Failed to execute job 165 for task load_snowflake (001003 (42000): 01c2b2d2-0009-3ad6-0000-74d1000371d6: SQL compilation error:
syntax error line 3 at position 34 unexpected '-'.
syntax error line 3 at position 34 unexpected '-'.
syntax error line 3 at position 39 unexpected ')'.; 3952)
[2026-02-27T18:59:00.372+0000] {local_task_job_runner.py:234} INFO - Task exited with return code 1
[2026-02-27T18:59:00.397+0000] {taskinstance.py:3280} INFO - 0 downstream tasks scheduled from follow-on schedule check
