[2026-02-27T18:45:40.960+0000] {taskinstance.py:1956} INFO - Dependencies all met for dep_context=non-requeueable deps ti=<TaskInstance: s3_to_snowflake.download_s3 manual__2026-02-27T18:45:36.544371+00:00 [queued]>
[2026-02-27T18:45:41.025+0000] {taskinstance.py:1956} INFO - Dependencies all met for dep_context=requeueable deps ti=<TaskInstance: s3_to_snowflake.download_s3 manual__2026-02-27T18:45:36.544371+00:00 [queued]>
[2026-02-27T18:45:41.030+0000] {taskinstance.py:2170} INFO - Starting attempt 1 of 2
[2026-02-27T18:45:41.112+0000] {taskinstance.py:2191} INFO - Executing <Task(PythonOperator): download_s3> on 2026-02-27 18:45:36.544371+00:00
[2026-02-27T18:45:41.166+0000] {standard_task_runner.py:60} INFO - Started process 2748 to run task
[2026-02-27T18:45:41.186+0000] {standard_task_runner.py:87} INFO - Running: ['***', 'tasks', 'run', 's3_to_snowflake', 'download_s3', 'manual__2026-02-27T18:45:36.544371+00:00', '--job-id', '127', '--raw', '--subdir', 'DAGS_FOLDER/s3_to_snowflake.py', '--cfg-path', '/tmp/tmp_ebbdzp0']
[2026-02-27T18:45:41.202+0000] {standard_task_runner.py:88} INFO - Job 127: Subtask download_s3
[2026-02-27T18:45:41.560+0000] {task_command.py:423} INFO - Running <TaskInstance: s3_to_snowflake.download_s3 manual__2026-02-27T18:45:36.544371+00:00 [running]> on host 21d6aced11b5
[2026-02-27T18:45:42.938+0000] {taskinstance.py:2480} INFO - Exporting env vars: AIRFLOW_CTX_DAG_OWNER='***' AIRFLOW_CTX_DAG_ID='s3_to_snowflake' AIRFLOW_CTX_TASK_ID='download_s3' AIRFLOW_CTX_EXECUTION_DATE='2026-02-27T18:45:36.544371+00:00' AIRFLOW_CTX_TRY_NUMBER='1' AIRFLOW_CTX_DAG_RUN_ID='manual__2026-02-27T18:45:36.544371+00:00'
[2026-02-27T18:45:43.072+0000] {credentials.py:1147} INFO - Found credentials in environment variables.
[2026-02-27T18:45:43.907+0000] {taskinstance.py:2698} ERROR - Task failed with exception
Traceback (most recent call last):
  File "/home/airflow/.local/lib/python3.11/site-packages/airflow/models/taskinstance.py", line 433, in _execute_task
    result = execute_callable(context=context, **execute_callable_kwargs)
             ^^^^^^^^^^^^^^^^^^^^^^^^^^^^^^^^^^^^^^^^^^^^^^^^^^^^^^^^^^^^
  File "/home/airflow/.local/lib/python3.11/site-packages/airflow/operators/python.py", line 199, in execute
    return_value = self.execute_callable()
                   ^^^^^^^^^^^^^^^^^^^^^^^
  File "/home/airflow/.local/lib/python3.11/site-packages/airflow/operators/python.py", line 216, in execute_callable
    return self.python_callable(*self.op_args, **self.op_kwargs)
           ^^^^^^^^^^^^^^^^^^^^^^^^^^^^^^^^^^^^^^^^^^^^^^^^^^^^^
  File "/opt/airflow/dags/s3_to_snowflake.py", line 30, in download_from_s3
    symbols = Variable.get("stock_symbols", deserialize_json=True)     # list of tickers (passed from DAG!)
              ^^^^^^^^^^^^^^^^^^^^^^^^^^^^^^^^^^^^^^^^^^^^^^^^^^^^
  File "/home/airflow/.local/lib/python3.11/site-packages/airflow/models/variable.py", line 143, in get
    raise KeyError(f"Variable {key} does not exist")
KeyError: 'Variable stock_symbols does not exist'
[2026-02-27T18:45:44.007+0000] {taskinstance.py:1138} INFO - Marking task as UP_FOR_RETRY. dag_id=s3_to_snowflake, task_id=download_s3, execution_date=20260227T184536, start_date=20260227T184540, end_date=20260227T184544
[2026-02-27T18:45:44.080+0000] {standard_task_runner.py:107} ERROR - Failed to execute job 127 for task download_s3 ('Variable stock_symbols does not exist'; 2748)
[2026-02-27T18:45:44.247+0000] {local_task_job_runner.py:234} INFO - Task exited with return code 1
[2026-02-27T18:45:44.352+0000] {taskinstance.py:3280} INFO - 0 downstream tasks scheduled from follow-on schedule check
