[2026-02-27T18:45:41.660+0000] {taskinstance.py:1956} INFO - Dependencies all met for dep_context=non-requeueable deps ti=<TaskInstance: s3_to_snowflake.download_s3 scheduled__2026-02-27T18:44:00+00:00 [queued]>
[2026-02-27T18:45:41.702+0000] {taskinstance.py:1956} INFO - Dependencies all met for dep_context=requeueable deps ti=<TaskInstance: s3_to_snowflake.download_s3 scheduled__2026-02-27T18:44:00+00:00 [queued]>
[2026-02-27T18:45:41.707+0000] {taskinstance.py:2170} INFO - Starting attempt 1 of 2
[2026-02-27T18:45:41.772+0000] {taskinstance.py:2191} INFO - Executing <Task(PythonOperator): download_s3> on 2026-02-27 18:44:00+00:00
[2026-02-27T18:45:41.812+0000] {standard_task_runner.py:60} INFO - Started process 2750 to run task
[2026-02-27T18:45:41.838+0000] {standard_task_runner.py:87} INFO - Running: ['***', 'tasks', 'run', 's3_to_snowflake', 'download_s3', 'scheduled__2026-02-27T18:44:00+00:00', '--job-id', '130', '--raw', '--subdir', 'DAGS_FOLDER/s3_to_snowflake.py', '--cfg-path', '/tmp/tmp0rlf14y3']
[2026-02-27T18:45:41.864+0000] {standard_task_runner.py:88} INFO - Job 130: Subtask download_s3
[2026-02-27T18:45:42.180+0000] {task_command.py:423} INFO - Running <TaskInstance: s3_to_snowflake.download_s3 scheduled__2026-02-27T18:44:00+00:00 [running]> on host 21d6aced11b5
[2026-02-27T18:45:43.850+0000] {taskinstance.py:2480} INFO - Exporting env vars: AIRFLOW_CTX_DAG_OWNER='***' AIRFLOW_CTX_DAG_ID='s3_to_snowflake' AIRFLOW_CTX_TASK_ID='download_s3' AIRFLOW_CTX_EXECUTION_DATE='2026-02-27T18:44:00+00:00' AIRFLOW_CTX_TRY_NUMBER='1' AIRFLOW_CTX_DAG_RUN_ID='scheduled__2026-02-27T18:44:00+00:00'
[2026-02-27T18:45:43.971+0000] {credentials.py:1147} INFO - Found credentials in environment variables.
[2026-02-27T18:45:44.569+0000] {taskinstance.py:2698} ERROR - Task failed with exception
Traceback (most recent call last):
  File "/home/airflow/.local/lib/python3.11/site-packages/airflow/models/taskinstance.py", line 433, in _execute_task
    result = execute_callable(context=context, **execute_callable_kwargs)
             ^^^^^^^^^^^^^^^^^^^^^^^^^^^^^^^^^^^^^^^^^^^^^^^^^^^^^^^^^^^^
  File "/home/airflow/.local/lib/python3.11/site-packages/airflow/operators/python.py", line 199, in execute
    return_value = self.execute_callable()
                   ^^^^^^^^^^^^^^^^^^^^^^^
  File "/home/airflow/.local/lib/python3.11/site-packages/airflow/operators/python.py", line 216, in execute_callable
    return self.python_callable(*self.op_args, **self.op_kwargs)
           ^^^^^^^^^^^^^^^^^^^^^^^^^^^^^^^^^^^^^^^^^^^^^^^^^^^^^
  File "/opt/airflow/dags/s3_to_snowflake.py", line 30, in download_from_s3
    symbols = Variable.get("stock_symbols", deserialize_json=True)     # list of tickers (passed from DAG!)
              ^^^^^^^^^^^^^^^^^^^^^^^^^^^^^^^^^^^^^^^^^^^^^^^^^^^^
  File "/home/airflow/.local/lib/python3.11/site-packages/airflow/models/variable.py", line 143, in get
    raise KeyError(f"Variable {key} does not exist")
KeyError: 'Variable stock_symbols does not exist'
[2026-02-27T18:45:44.681+0000] {taskinstance.py:1138} INFO - Marking task as UP_FOR_RETRY. dag_id=s3_to_snowflake, task_id=download_s3, execution_date=20260227T184400, start_date=20260227T184541, end_date=20260227T184544
[2026-02-27T18:45:44.749+0000] {standard_task_runner.py:107} ERROR - Failed to execute job 130 for task download_s3 ('Variable stock_symbols does not exist'; 2750)
[2026-02-27T18:45:44.811+0000] {local_task_job_runner.py:234} INFO - Task exited with return code 1
[2026-02-27T18:45:44.960+0000] {taskinstance.py:3280} INFO - 0 downstream tasks scheduled from follow-on schedule check
