[2026-02-27T18:40:31.389+0000] {taskinstance.py:1956} INFO - Dependencies all met for dep_context=non-requeueable deps ti=<TaskInstance: s3_to_snowflake.download_s3 scheduled__2026-02-27T18:38:00+00:00 [queued]>
[2026-02-27T18:40:31.528+0000] {taskinstance.py:1956} INFO - Dependencies all met for dep_context=requeueable deps ti=<TaskInstance: s3_to_snowflake.download_s3 scheduled__2026-02-27T18:38:00+00:00 [queued]>
[2026-02-27T18:40:31.530+0000] {taskinstance.py:2170} INFO - Starting attempt 1 of 2
[2026-02-27T18:40:31.751+0000] {taskinstance.py:2191} INFO - Executing <Task(PythonOperator): download_s3> on 2026-02-27 18:38:00+00:00
[2026-02-27T18:40:31.789+0000] {standard_task_runner.py:60} INFO - Started process 2645 to run task
[2026-02-27T18:40:31.847+0000] {standard_task_runner.py:87} INFO - Running: ['***', 'tasks', 'run', 's3_to_snowflake', 'download_s3', 'scheduled__2026-02-27T18:38:00+00:00', '--job-id', '122', '--raw', '--subdir', 'DAGS_FOLDER/s3_to_snowflake.py', '--cfg-path', '/tmp/tmp_iwk6mqr']
[2026-02-27T18:40:31.878+0000] {standard_task_runner.py:88} INFO - Job 122: Subtask download_s3
[2026-02-27T18:40:32.488+0000] {task_command.py:423} INFO - Running <TaskInstance: s3_to_snowflake.download_s3 scheduled__2026-02-27T18:38:00+00:00 [running]> on host 21d6aced11b5
[2026-02-27T18:40:32.962+0000] {taskinstance.py:2480} INFO - Exporting env vars: AIRFLOW_CTX_DAG_OWNER='***' AIRFLOW_CTX_DAG_ID='s3_to_snowflake' AIRFLOW_CTX_TASK_ID='download_s3' AIRFLOW_CTX_EXECUTION_DATE='2026-02-27T18:38:00+00:00' AIRFLOW_CTX_TRY_NUMBER='1' AIRFLOW_CTX_DAG_RUN_ID='scheduled__2026-02-27T18:38:00+00:00'
[2026-02-27T18:40:33.014+0000] {taskinstance.py:2698} ERROR - Task failed with exception
Traceback (most recent call last):
  File "/home/airflow/.local/lib/python3.11/site-packages/airflow/models/taskinstance.py", line 433, in _execute_task
    result = execute_callable(context=context, **execute_callable_kwargs)
             ^^^^^^^^^^^^^^^^^^^^^^^^^^^^^^^^^^^^^^^^^^^^^^^^^^^^^^^^^^^^
  File "/home/airflow/.local/lib/python3.11/site-packages/airflow/operators/python.py", line 199, in execute
    return_value = self.execute_callable()
                   ^^^^^^^^^^^^^^^^^^^^^^^
  File "/home/airflow/.local/lib/python3.11/site-packages/airflow/operators/python.py", line 216, in execute_callable
    return self.python_callable(*self.op_args, **self.op_kwargs)
           ^^^^^^^^^^^^^^^^^^^^^^^^^^^^^^^^^^^^^^^^^^^^^^^^^^^^^
TypeError: download_from_s3() missing 3 required positional arguments: 's3_bucket', 'symbols', and 'local_dir'
[2026-02-27T18:40:33.051+0000] {taskinstance.py:1138} INFO - Marking task as UP_FOR_RETRY. dag_id=s3_to_snowflake, task_id=download_s3, execution_date=20260227T183800, start_date=20260227T184031, end_date=20260227T184033
[2026-02-27T18:40:33.088+0000] {standard_task_runner.py:107} ERROR - Failed to execute job 122 for task download_s3 (download_from_s3() missing 3 required positional arguments: 's3_bucket', 'symbols', and 'local_dir'; 2645)
[2026-02-27T18:40:33.141+0000] {local_task_job_runner.py:234} INFO - Task exited with return code 1
[2026-02-27T18:40:33.198+0000] {taskinstance.py:3280} INFO - 0 downstream tasks scheduled from follow-on schedule check
